
===========================================================================
report_checks -path_delay min (Hold)
============================================================================
Startpoint: _9216_ (rising edge-triggered flip-flop clocked by clk)
Endpoint: _9121_ (rising edge-triggered flip-flop clocked by clk)
Path Group: clk
Path Type: min

Fanout     Cap    Slew   Delay    Time   Description
-----------------------------------------------------------------------------
                          0.00    0.00   clock clk (rise edge)
                          0.00    0.00   clock source latency
                  0.21    0.14    0.14 ^ clk (in)
     1    0.05                           clk (net)
                  0.21    0.00    0.14 ^ clkbuf_0_clk/A (sky130_fd_sc_hd__clkbuf_16)
                  0.04    0.17    0.31 ^ clkbuf_0_clk/X (sky130_fd_sc_hd__clkbuf_16)
     2    0.02                           clknet_0_clk (net)
                  0.04    0.00    0.31 ^ clkbuf_1_1_0_clk/A (sky130_fd_sc_hd__clkbuf_2)
                  0.14    0.17    0.47 ^ clkbuf_1_1_0_clk/X (sky130_fd_sc_hd__clkbuf_2)
     2    0.03                           clknet_1_1_0_clk (net)
                  0.14    0.00    0.47 ^ clkbuf_2_3_0_clk/A (sky130_fd_sc_hd__clkbuf_2)
                  0.09    0.16    0.63 ^ clkbuf_2_3_0_clk/X (sky130_fd_sc_hd__clkbuf_2)
     2    0.01                           clknet_2_3_0_clk (net)
                  0.09    0.00    0.64 ^ clkbuf_3_7_0_clk/A (sky130_fd_sc_hd__clkbuf_2)
                  0.10    0.15    0.79 ^ clkbuf_3_7_0_clk/X (sky130_fd_sc_hd__clkbuf_2)
     2    0.02                           clknet_3_7_0_clk (net)
                  0.10    0.00    0.79 ^ clkbuf_4_14_0_clk/A (sky130_fd_sc_hd__clkbuf_2)
                  0.29    0.28    1.07 ^ clkbuf_4_14_0_clk/X (sky130_fd_sc_hd__clkbuf_2)
     9    0.05                           clknet_4_14_0_clk (net)
                  0.29    0.00    1.08 ^ _9216_/CLK (sky130_fd_sc_hd__dfxtp_2)
                  0.02    0.36    1.44 v _9216_/Q (sky130_fd_sc_hd__dfxtp_2)
     1    0.00                           P1[55] (net)
                  0.02    0.00    1.44 v hold16/A (sky130_fd_sc_hd__buf_2)
                  0.08    0.16    1.60 v hold16/X (sky130_fd_sc_hd__buf_2)
     1    0.03                           net112 (net)
                  0.08    0.00    1.60 v _9121_/D (sky130_fd_sc_hd__dfxtp_2)
                                  1.60   data arrival time

                          0.00    0.00   clock clk (rise edge)
                          0.00    0.00   clock source latency
                  0.21    0.15    0.15 ^ clk (in)
     1    0.05                           clk (net)
                  0.21    0.00    0.15 ^ clkbuf_0_clk/A (sky130_fd_sc_hd__clkbuf_16)
                  0.04    0.19    0.34 ^ clkbuf_0_clk/X (sky130_fd_sc_hd__clkbuf_16)
     2    0.02                           clknet_0_clk (net)
                  0.04    0.00    0.34 ^ clkbuf_1_0_0_clk/A (sky130_fd_sc_hd__clkbuf_2)
                  0.16    0.19    0.54 ^ clkbuf_1_0_0_clk/X (sky130_fd_sc_hd__clkbuf_2)
     2    0.03                           clknet_1_0_0_clk (net)
                  0.16    0.00    0.54 ^ clkbuf_2_0_0_clk/A (sky130_fd_sc_hd__clkbuf_2)
                  0.08    0.18    0.72 ^ clkbuf_2_0_0_clk/X (sky130_fd_sc_hd__clkbuf_2)
     2    0.01                           clknet_2_0_0_clk (net)
                  0.08    0.00    0.72 ^ clkbuf_3_1_0_clk/A (sky130_fd_sc_hd__clkbuf_2)
                  0.11    0.17    0.89 ^ clkbuf_3_1_0_clk/X (sky130_fd_sc_hd__clkbuf_2)
     2    0.02                           clknet_3_1_0_clk (net)
                  0.11    0.00    0.89 ^ clkbuf_4_2_0_clk/A (sky130_fd_sc_hd__clkbuf_2)
                  0.34    0.35    1.24 ^ clkbuf_4_2_0_clk/X (sky130_fd_sc_hd__clkbuf_2)
     7    0.06                           clknet_4_2_0_clk (net)
                  0.34    0.00    1.24 ^ _9121_/CLK (sky130_fd_sc_hd__dfxtp_2)
                          0.25    1.49   clock uncertainty
                         -0.03    1.46   clock reconvergence pessimism
                          0.00    1.46   library hold time
                                  1.46   data required time
-----------------------------------------------------------------------------
                                  1.46   data required time
                                 -1.60   data arrival time
-----------------------------------------------------------------------------
                                  0.13   slack (MET)


Startpoint: _9191_ (rising edge-triggered flip-flop clocked by clk)
Endpoint: _9119_ (rising edge-triggered flip-flop clocked by clk)
Path Group: clk
Path Type: min

Fanout     Cap    Slew   Delay    Time   Description
-----------------------------------------------------------------------------
                          0.00    0.00   clock clk (rise edge)
                          0.00    0.00   clock source latency
                  0.21    0.14    0.14 ^ clk (in)
     1    0.05                           clk (net)
                  0.21    0.00    0.14 ^ clkbuf_0_clk/A (sky130_fd_sc_hd__clkbuf_16)
                  0.04    0.17    0.31 ^ clkbuf_0_clk/X (sky130_fd_sc_hd__clkbuf_16)
     2    0.02                           clknet_0_clk (net)
                  0.04    0.00    0.31 ^ clkbuf_1_1_0_clk/A (sky130_fd_sc_hd__clkbuf_2)
                  0.14    0.17    0.47 ^ clkbuf_1_1_0_clk/X (sky130_fd_sc_hd__clkbuf_2)
     2    0.03                           clknet_1_1_0_clk (net)
                  0.14    0.00    0.47 ^ clkbuf_2_3_0_clk/A (sky130_fd_sc_hd__clkbuf_2)
                  0.09    0.16    0.63 ^ clkbuf_2_3_0_clk/X (sky130_fd_sc_hd__clkbuf_2)
     2    0.01                           clknet_2_3_0_clk (net)
                  0.09    0.00    0.64 ^ clkbuf_3_7_0_clk/A (sky130_fd_sc_hd__clkbuf_2)
                  0.10    0.15    0.79 ^ clkbuf_3_7_0_clk/X (sky130_fd_sc_hd__clkbuf_2)
     2    0.02                           clknet_3_7_0_clk (net)
                  0.10    0.00    0.79 ^ clkbuf_4_14_0_clk/A (sky130_fd_sc_hd__clkbuf_2)
                  0.29    0.28    1.07 ^ clkbuf_4_14_0_clk/X (sky130_fd_sc_hd__clkbuf_2)
     9    0.05                           clknet_4_14_0_clk (net)
                  0.29    0.00    1.08 ^ _9191_/CLK (sky130_fd_sc_hd__dfxtp_4)
                  0.08    0.44    1.51 v _9191_/Q (sky130_fd_sc_hd__dfxtp_4)
     3    0.05                           P1[30] (net)
                  0.08    0.01    1.52 v _9119_/D (sky130_fd_sc_hd__dfxtp_1)
                                  1.52   data arrival time

                          0.00    0.00   clock clk (rise edge)
                          0.00    0.00   clock source latency
                  0.21    0.15    0.15 ^ clk (in)
     1    0.05                           clk (net)
                  0.21    0.00    0.15 ^ clkbuf_0_clk/A (sky130_fd_sc_hd__clkbuf_16)
                  0.04    0.19    0.34 ^ clkbuf_0_clk/X (sky130_fd_sc_hd__clkbuf_16)
     2    0.02                           clknet_0_clk (net)
                  0.04    0.00    0.34 ^ clkbuf_1_0_0_clk/A (sky130_fd_sc_hd__clkbuf_2)
                  0.16    0.19    0.54 ^ clkbuf_1_0_0_clk/X (sky130_fd_sc_hd__clkbuf_2)
     2    0.03                           clknet_1_0_0_clk (net)
                  0.16    0.00    0.54 ^ clkbuf_2_0_0_clk/A (sky130_fd_sc_hd__clkbuf_2)
                  0.08    0.18    0.72 ^ clkbuf_2_0_0_clk/X (sky130_fd_sc_hd__clkbuf_2)
     2    0.01                           clknet_2_0_0_clk (net)
                  0.08    0.00    0.72 ^ clkbuf_3_1_0_clk/A (sky130_fd_sc_hd__clkbuf_2)
                  0.11    0.17    0.89 ^ clkbuf_3_1_0_clk/X (sky130_fd_sc_hd__clkbuf_2)
     2    0.02                           clknet_3_1_0_clk (net)
                  0.11    0.00    0.89 ^ clkbuf_4_3_0_clk/A (sky130_fd_sc_hd__clkbuf_2)
                  0.25    0.29    1.17 ^ clkbuf_4_3_0_clk/X (sky130_fd_sc_hd__clkbuf_2)
    10    0.05                           clknet_4_3_0_clk (net)
                  0.25    0.00    1.18 ^ _9119_/CLK (sky130_fd_sc_hd__dfxtp_1)
                          0.25    1.43   clock uncertainty
                         -0.03    1.39   clock reconvergence pessimism
                         -0.02    1.37   library hold time
                                  1.37   data required time
-----------------------------------------------------------------------------
                                  1.37   data required time
                                 -1.52   data arrival time
-----------------------------------------------------------------------------
                                  0.15   slack (MET)


Startpoint: _9224_ (rising edge-triggered flip-flop clocked by clk)
Endpoint: _9160_ (rising edge-triggered flip-flop clocked by clk)
Path Group: clk
Path Type: min

Fanout     Cap    Slew   Delay    Time   Description
-----------------------------------------------------------------------------
                          0.00    0.00   clock clk (rise edge)
                          0.00    0.00   clock source latency
                  0.21    0.14    0.14 ^ clk (in)
     1    0.05                           clk (net)
                  0.21    0.00    0.14 ^ clkbuf_0_clk/A (sky130_fd_sc_hd__clkbuf_16)
                  0.04    0.17    0.31 ^ clkbuf_0_clk/X (sky130_fd_sc_hd__clkbuf_16)
     2    0.02                           clknet_0_clk (net)
                  0.04    0.00    0.31 ^ clkbuf_1_1_0_clk/A (sky130_fd_sc_hd__clkbuf_2)
                  0.14    0.17    0.47 ^ clkbuf_1_1_0_clk/X (sky130_fd_sc_hd__clkbuf_2)
     2    0.03                           clknet_1_1_0_clk (net)
                  0.14    0.00    0.47 ^ clkbuf_2_2_0_clk/A (sky130_fd_sc_hd__clkbuf_2)
                  0.11    0.18    0.65 ^ clkbuf_2_2_0_clk/X (sky130_fd_sc_hd__clkbuf_2)
     2    0.02                           clknet_2_2_0_clk (net)
                  0.11    0.00    0.65 ^ clkbuf_3_5_0_clk/A (sky130_fd_sc_hd__clkbuf_2)
                  0.07    0.14    0.80 ^ clkbuf_3_5_0_clk/X (sky130_fd_sc_hd__clkbuf_2)
     2    0.01                           clknet_3_5_0_clk (net)
                  0.07    0.00    0.80 ^ clkbuf_4_11_0_clk/A (sky130_fd_sc_hd__clkbuf_2)
                  0.22    0.23    1.02 ^ clkbuf_4_11_0_clk/X (sky130_fd_sc_hd__clkbuf_2)
     9    0.04                           clknet_4_11_0_clk (net)
                  0.22    0.00    1.03 ^ _9224_/CLK (sky130_fd_sc_hd__dfxtp_1)
                  0.03    0.34    1.36 v _9224_/Q (sky130_fd_sc_hd__dfxtp_1)
     1    0.00                           P3[0] (net)
                  0.03    0.00    1.36 v hold2/A (sky130_fd_sc_hd__clkbuf_2)
                  0.03    0.09    1.46 v hold2/X (sky130_fd_sc_hd__clkbuf_2)
     1    0.00                           net98 (net)
                  0.03    0.00    1.46 v hold15/A (sky130_fd_sc_hd__clkbuf_2)
                  0.08    0.14    1.59 v hold15/X (sky130_fd_sc_hd__clkbuf_2)
     1    0.02                           net111 (net)
                  0.08    0.00    1.59 v _9160_/D (sky130_fd_sc_hd__dfxtp_1)
                                  1.59   data arrival time

                          0.00    0.00   clock clk (rise edge)
                          0.00    0.00   clock source latency
                  0.21    0.15    0.15 ^ clk (in)
     1    0.05                           clk (net)
                  0.21    0.00    0.15 ^ clkbuf_0_clk/A (sky130_fd_sc_hd__clkbuf_16)
                  0.04    0.19    0.34 ^ clkbuf_0_clk/X (sky130_fd_sc_hd__clkbuf_16)
     2    0.02                           clknet_0_clk (net)
                  0.04    0.00    0.34 ^ clkbuf_1_1_0_clk/A (sky130_fd_sc_hd__clkbuf_2)
                  0.14    0.18    0.52 ^ clkbuf_1_1_0_clk/X (sky130_fd_sc_hd__clkbuf_2)
     2    0.03                           clknet_1_1_0_clk (net)
                  0.14    0.00    0.52 ^ clkbuf_2_3_0_clk/A (sky130_fd_sc_hd__clkbuf_2)
                  0.09    0.18    0.70 ^ clkbuf_2_3_0_clk/X (sky130_fd_sc_hd__clkbuf_2)
     2    0.01                           clknet_2_3_0_clk (net)
                  0.09    0.00    0.70 ^ clkbuf_3_7_0_clk/A (sky130_fd_sc_hd__clkbuf_2)
                  0.10    0.17    0.87 ^ clkbuf_3_7_0_clk/X (sky130_fd_sc_hd__clkbuf_2)
     2    0.02                           clknet_3_7_0_clk (net)
                  0.10    0.00    0.87 ^ clkbuf_4_14_0_clk/A (sky130_fd_sc_hd__clkbuf_2)
                  0.29    0.31    1.19 ^ clkbuf_4_14_0_clk/X (sky130_fd_sc_hd__clkbuf_2)
     9    0.05                           clknet_4_14_0_clk (net)
                  0.29    0.00    1.19 ^ _9160_/CLK (sky130_fd_sc_hd__dfxtp_1)
                          0.25    1.44   clock uncertainty
                         -0.05    1.39   clock reconvergence pessimism
                         -0.01    1.37   library hold time
                                  1.37   data required time
-----------------------------------------------------------------------------
                                  1.37   data required time
                                 -1.59   data arrival time
-----------------------------------------------------------------------------
                                  0.22   slack (MET)


Startpoint: _9067_ (rising edge-triggered flip-flop clocked by clk)
Endpoint: _9129_ (rising edge-triggered flip-flop clocked by clk)
Path Group: clk
Path Type: min

Fanout     Cap    Slew   Delay    Time   Description
-----------------------------------------------------------------------------
                          0.00    0.00   clock clk (rise edge)
                          0.00    0.00   clock source latency
                  0.21    0.14    0.14 ^ clk (in)
     1    0.05                           clk (net)
                  0.21    0.00    0.14 ^ clkbuf_0_clk/A (sky130_fd_sc_hd__clkbuf_16)
                  0.04    0.17    0.31 ^ clkbuf_0_clk/X (sky130_fd_sc_hd__clkbuf_16)
     2    0.02                           clknet_0_clk (net)
                  0.04    0.00    0.31 ^ clkbuf_1_0_0_clk/A (sky130_fd_sc_hd__clkbuf_2)
                  0.16    0.18    0.49 ^ clkbuf_1_0_0_clk/X (sky130_fd_sc_hd__clkbuf_2)
     2    0.03                           clknet_1_0_0_clk (net)
                  0.16    0.00    0.49 ^ clkbuf_2_0_0_clk/A (sky130_fd_sc_hd__clkbuf_2)
                  0.08    0.16    0.65 ^ clkbuf_2_0_0_clk/X (sky130_fd_sc_hd__clkbuf_2)
     2    0.01                           clknet_2_0_0_clk (net)
                  0.08    0.00    0.65 ^ clkbuf_3_0_0_clk/A (sky130_fd_sc_hd__clkbuf_2)
                  0.06    0.12    0.77 ^ clkbuf_3_0_0_clk/X (sky130_fd_sc_hd__clkbuf_2)
     2    0.01                           clknet_3_0_0_clk (net)
                  0.06    0.00    0.77 ^ clkbuf_4_0_0_clk/A (sky130_fd_sc_hd__clkbuf_2)
                  0.26    0.24    1.01 ^ clkbuf_4_0_0_clk/X (sky130_fd_sc_hd__clkbuf_2)
    10    0.05                           clknet_4_0_0_clk (net)
                  0.26    0.00    1.01 ^ _9067_/CLK (sky130_fd_sc_hd__dfxtp_1)
                  0.06    0.36    1.37 ^ _9067_/Q (sky130_fd_sc_hd__dfxtp_1)
     1    0.00                           P2[1] (net)
                  0.06    0.00    1.37 ^ _5198_/A0 (sky130_fd_sc_hd__mux2_1)
                  0.11    0.16    1.54 ^ _5198_/X (sky130_fd_sc_hd__mux2_1)
     1    0.01                           _4392_ (net)
                  0.11    0.00    1.54 ^ _5199_/A (sky130_fd_sc_hd__clkbuf_1)
                  0.05    0.09    1.63 ^ _5199_/X (sky130_fd_sc_hd__clkbuf_1)
     1    0.00                           _0000_ (net)
                  0.05    0.00    1.63 ^ _9129_/D (sky130_fd_sc_hd__dfxtp_1)
                                  1.63   data arrival time

                          0.00    0.00   clock clk (rise edge)
                          0.00    0.00   clock source latency
                  0.21    0.15    0.15 ^ clk (in)
     1    0.05                           clk (net)
                  0.21    0.00    0.15 ^ clkbuf_0_clk/A (sky130_fd_sc_hd__clkbuf_16)
                  0.04    0.19    0.34 ^ clkbuf_0_clk/X (sky130_fd_sc_hd__clkbuf_16)
     2    0.02                           clknet_0_clk (net)
                  0.04    0.00    0.34 ^ clkbuf_1_0_0_clk/A (sky130_fd_sc_hd__clkbuf_2)
                  0.16    0.19    0.54 ^ clkbuf_1_0_0_clk/X (sky130_fd_sc_hd__clkbuf_2)
     2    0.03                           clknet_1_0_0_clk (net)
                  0.16    0.00    0.54 ^ clkbuf_2_1_0_clk/A (sky130_fd_sc_hd__clkbuf_2)
                  0.11    0.20    0.74 ^ clkbuf_2_1_0_clk/X (sky130_fd_sc_hd__clkbuf_2)
     2    0.02                           clknet_2_1_0_clk (net)
                  0.11    0.00    0.74 ^ clkbuf_3_2_0_clk/A (sky130_fd_sc_hd__clkbuf_2)
                  0.08    0.16    0.90 ^ clkbuf_3_2_0_clk/X (sky130_fd_sc_hd__clkbuf_2)
     2    0.01                           clknet_3_2_0_clk (net)
                  0.08    0.00    0.90 ^ clkbuf_4_4_0_clk/A (sky130_fd_sc_hd__clkbuf_2)
                  0.20    0.24    1.14 ^ clkbuf_4_4_0_clk/X (sky130_fd_sc_hd__clkbuf_2)
     8    0.04                           clknet_4_4_0_clk (net)
                  0.20    0.00    1.14 ^ _9129_/CLK (sky130_fd_sc_hd__dfxtp_1)
                          0.25    1.39   clock uncertainty
                         -0.05    1.34   clock reconvergence pessimism
                         -0.01    1.33   library hold time
                                  1.33   data required time
-----------------------------------------------------------------------------
                                  1.33   data required time
                                 -1.63   data arrival time
-----------------------------------------------------------------------------
                                  0.30   slack (MET)


Startpoint: _9188_ (rising edge-triggered flip-flop clocked by clk)
Endpoint: _9116_ (rising edge-triggered flip-flop clocked by clk)
Path Group: clk
Path Type: min

Fanout     Cap    Slew   Delay    Time   Description
-----------------------------------------------------------------------------
                          0.00    0.00   clock clk (rise edge)
                          0.00    0.00   clock source latency
                  0.21    0.14    0.14 ^ clk (in)
     1    0.05                           clk (net)
                  0.21    0.00    0.14 ^ clkbuf_0_clk/A (sky130_fd_sc_hd__clkbuf_16)
                  0.04    0.17    0.31 ^ clkbuf_0_clk/X (sky130_fd_sc_hd__clkbuf_16)
     2    0.02                           clknet_0_clk (net)
                  0.04    0.00    0.31 ^ clkbuf_1_0_0_clk/A (sky130_fd_sc_hd__clkbuf_2)
                  0.16    0.18    0.49 ^ clkbuf_1_0_0_clk/X (sky130_fd_sc_hd__clkbuf_2)
     2    0.03                           clknet_1_0_0_clk (net)
                  0.16    0.00    0.49 ^ clkbuf_2_1_0_clk/A (sky130_fd_sc_hd__clkbuf_2)
                  0.11    0.18    0.67 ^ clkbuf_2_1_0_clk/X (sky130_fd_sc_hd__clkbuf_2)
     2    0.02                           clknet_2_1_0_clk (net)
                  0.11    0.00    0.67 ^ clkbuf_3_3_0_clk/A (sky130_fd_sc_hd__clkbuf_2)
                  0.07    0.14    0.81 ^ clkbuf_3_3_0_clk/X (sky130_fd_sc_hd__clkbuf_2)
     2    0.01                           clknet_3_3_0_clk (net)
                  0.07    0.00    0.81 ^ clkbuf_4_7_0_clk/A (sky130_fd_sc_hd__clkbuf_2)
                  0.19    0.21    1.01 ^ clkbuf_4_7_0_clk/X (sky130_fd_sc_hd__clkbuf_2)
     6    0.03                           clknet_4_7_0_clk (net)
                  0.19    0.00    1.01 ^ _9188_/CLK (sky130_fd_sc_hd__dfxtp_1)
                  0.03    0.33    1.34 v _9188_/Q (sky130_fd_sc_hd__dfxtp_1)
     1    0.00                           P1[27] (net)
                  0.03    0.00    1.34 v hold4/A (sky130_fd_sc_hd__clkdlybuf4s25_1)
                  0.05    0.23    1.57 v hold4/X (sky130_fd_sc_hd__clkdlybuf4s25_1)
     1    0.00                           net100 (net)
                  0.05    0.00    1.57 v _9116_/D (sky130_fd_sc_hd__dfxtp_2)
                                  1.57   data arrival time

                          0.00    0.00   clock clk (rise edge)
                          0.00    0.00   clock source latency
                  0.21    0.15    0.15 ^ clk (in)
     1    0.05                           clk (net)
                  0.21    0.00    0.15 ^ clkbuf_0_clk/A (sky130_fd_sc_hd__clkbuf_16)
                  0.04    0.19    0.34 ^ clkbuf_0_clk/X (sky130_fd_sc_hd__clkbuf_16)
     2    0.02                           clknet_0_clk (net)
                  0.04    0.00    0.34 ^ clkbuf_1_0_0_clk/A (sky130_fd_sc_hd__clkbuf_2)
                  0.16    0.19    0.54 ^ clkbuf_1_0_0_clk/X (sky130_fd_sc_hd__clkbuf_2)
     2    0.03                           clknet_1_0_0_clk (net)
                  0.16    0.00    0.54 ^ clkbuf_2_1_0_clk/A (sky130_fd_sc_hd__clkbuf_2)
                  0.11    0.20    0.74 ^ clkbuf_2_1_0_clk/X (sky130_fd_sc_hd__clkbuf_2)
     2    0.02                           clknet_2_1_0_clk (net)
                  0.11    0.00    0.74 ^ clkbuf_3_3_0_clk/A (sky130_fd_sc_hd__clkbuf_2)
                  0.07    0.16    0.89 ^ clkbuf_3_3_0_clk/X (sky130_fd_sc_hd__clkbuf_2)
     2    0.01                           clknet_3_3_0_clk (net)
                  0.07    0.00    0.89 ^ clkbuf_4_6_0_clk/A (sky130_fd_sc_hd__clkbuf_2)
                  0.18    0.22    1.11 ^ clkbuf_4_6_0_clk/X (sky130_fd_sc_hd__clkbuf_2)
     4    0.03                           clknet_4_6_0_clk (net)
                  0.18    0.00    1.11 ^ _9116_/CLK (sky130_fd_sc_hd__dfxtp_2)
                          0.25    1.36   clock uncertainty
                         -0.08    1.28   clock reconvergence pessimism
                         -0.02    1.26   library hold time
                                  1.26   data required time
-----------------------------------------------------------------------------
                                  1.26   data required time
                                 -1.57   data arrival time
-----------------------------------------------------------------------------
                                  0.31   slack (MET)


