
===========================================================================
report_checks -unconstrained
============================================================================

======================= Slowest Corner ===================================

Startpoint: _9172_ (rising edge-triggered flip-flop clocked by clk)
Endpoint: _9111_ (rising edge-triggered flip-flop clocked by clk)
Path Group: clk
Path Type: max
Corner: ss

Fanout     Cap    Slew   Delay    Time   Description
-----------------------------------------------------------------------------
                          0.00    0.00   clock clk (rise edge)
                          0.00    0.00   clock source latency
                  0.34    0.25    0.25 ^ clk (in)
     1    0.05                           clk (net)
                  0.34    0.00    0.25 ^ clkbuf_0_clk/A (sky130_fd_sc_hd__clkbuf_16)
                  0.07    0.35    0.61 ^ clkbuf_0_clk/X (sky130_fd_sc_hd__clkbuf_16)
     2    0.02                           clknet_0_clk (net)
                  0.07    0.00    0.61 ^ clkbuf_1_1_0_clk/A (sky130_fd_sc_hd__clkbuf_2)
                  0.25    0.34    0.95 ^ clkbuf_1_1_0_clk/X (sky130_fd_sc_hd__clkbuf_2)
     2    0.03                           clknet_1_1_0_clk (net)
                  0.25    0.00    0.95 ^ clkbuf_2_3_0_clk/A (sky130_fd_sc_hd__clkbuf_2)
                  0.13    0.33    1.28 ^ clkbuf_2_3_0_clk/X (sky130_fd_sc_hd__clkbuf_2)
     2    0.01                           clknet_2_3_0_clk (net)
                  0.13    0.00    1.28 ^ clkbuf_3_6_0_clk/A (sky130_fd_sc_hd__clkbuf_2)
                  0.11    0.26    1.54 ^ clkbuf_3_6_0_clk/X (sky130_fd_sc_hd__clkbuf_2)
     2    0.01                           clknet_3_6_0_clk (net)
                  0.11    0.00    1.54 ^ clkbuf_4_12_0_clk/A (sky130_fd_sc_hd__clkbuf_2)
                  0.66    0.66    2.20 ^ clkbuf_4_12_0_clk/X (sky130_fd_sc_hd__clkbuf_2)
     6    0.08                           clknet_4_12_0_clk (net)
                  0.66    0.00    2.20 ^ _9172_/CLK (sky130_fd_sc_hd__dfxtp_1)
                  0.28    1.09    3.29 ^ _9172_/Q (sky130_fd_sc_hd__dfxtp_1)
     2    0.02                           P1[11] (net)
                  0.28    0.00    3.29 ^ _6153_/A (sky130_fd_sc_hd__dlymetal6s2s_1)
                  0.31    0.44    3.73 ^ _6153_/X (sky130_fd_sc_hd__dlymetal6s2s_1)
     5    0.02                           _0865_ (net)
                  0.31    0.00    3.74 ^ _6154_/A (sky130_fd_sc_hd__clkbuf_2)
                  0.33    0.50    4.24 ^ _6154_/X (sky130_fd_sc_hd__clkbuf_2)
     5    0.04                           _0866_ (net)
                  0.33    0.00    4.24 ^ _7326_/A1 (sky130_fd_sc_hd__a22oi_1)
                  0.29    0.41    4.65 v _7326_/Y (sky130_fd_sc_hd__a22oi_1)
     2    0.01                           _2135_ (net)
                  0.29    0.00    4.65 v _7328_/A (sky130_fd_sc_hd__nor2_1)
                  0.43    0.50    5.15 ^ _7328_/Y (sky130_fd_sc_hd__nor2_1)
     1    0.01                           _2137_ (net)
                  0.43    0.00    5.16 ^ _7329_/B (sky130_fd_sc_hd__xnor2_1)
                  0.23    0.37    5.53 v _7329_/Y (sky130_fd_sc_hd__xnor2_1)
     2    0.01                           _2138_ (net)
                  0.23    0.00    5.53 v _7338_/A (sky130_fd_sc_hd__and2_1)
                  0.17    0.47    6.00 v _7338_/X (sky130_fd_sc_hd__and2_1)
     3    0.02                           _2148_ (net)
                  0.17    0.00    6.00 v _7339_/B (sky130_fd_sc_hd__or2_1)
                  0.15    0.59    6.59 v _7339_/X (sky130_fd_sc_hd__or2_1)
     3    0.01                           _2149_ (net)
                  0.15    0.00    6.59 v _7340_/C (sky130_fd_sc_hd__and3_1)
                  0.11    0.46    7.05 v _7340_/X (sky130_fd_sc_hd__and3_1)
     2    0.01                           _2150_ (net)
                  0.11    0.00    7.05 v _7343_/A1 (sky130_fd_sc_hd__o211a_1)
                  0.09    0.46    7.52 v _7343_/X (sky130_fd_sc_hd__o211a_1)
     2    0.00                           _2153_ (net)
                  0.09    0.00    7.52 v _7380_/A (sky130_fd_sc_hd__or4bb_2)
                  0.32    1.75    9.27 v _7380_/X (sky130_fd_sc_hd__or4bb_2)
     3    0.02                           _2194_ (net)
                  0.32    0.00    9.27 v _7382_/A (sky130_fd_sc_hd__nand2_2)
                  0.30    0.39    9.66 ^ _7382_/Y (sky130_fd_sc_hd__nand2_2)
     2    0.03                           _2196_ (net)
                  0.30    0.00    9.66 ^ _7384_/A (sky130_fd_sc_hd__xor2_2)
                  0.16    0.28    9.94 v _7384_/X (sky130_fd_sc_hd__xor2_2)
     2    0.01                           _2199_ (net)
                  0.16    0.00    9.94 v _7386_/C (sky130_fd_sc_hd__or3_4)
                  0.19    0.83   10.77 v _7386_/X (sky130_fd_sc_hd__or3_4)
     4    0.03                           _2201_ (net)
                  0.19    0.00   10.77 v _7387_/A2 (sky130_fd_sc_hd__a211o_1)
                  0.15    0.70   11.47 v _7387_/X (sky130_fd_sc_hd__a211o_1)
     3    0.01                           _2202_ (net)
                  0.15    0.00   11.47 v _7399_/B (sky130_fd_sc_hd__and3_1)
                  0.10    0.43   11.90 v _7399_/X (sky130_fd_sc_hd__and3_1)
     2    0.01                           _2215_ (net)
                  0.10    0.00   11.90 v _7401_/C1 (sky130_fd_sc_hd__a211o_1)
                  0.17    0.57   12.47 v _7401_/X (sky130_fd_sc_hd__a211o_1)
     4    0.01                           _2217_ (net)
                  0.17    0.00   12.47 v _7403_/C (sky130_fd_sc_hd__and3_1)
                  0.14    0.51   12.98 v _7403_/X (sky130_fd_sc_hd__and3_1)
     2    0.01                           _2219_ (net)
                  0.14    0.00   12.98 v _7404_/B (sky130_fd_sc_hd__nor2_1)
                  0.46    0.44   13.42 ^ _7404_/Y (sky130_fd_sc_hd__nor2_1)
     2    0.01                           _2221_ (net)
                  0.46    0.00   13.42 ^ _7405_/B (sky130_fd_sc_hd__xnor2_2)
                  0.52    0.45   13.87 ^ _7405_/Y (sky130_fd_sc_hd__xnor2_2)
     4    0.02                           _2222_ (net)
                  0.52    0.00   13.87 ^ _7553_/C_N (sky130_fd_sc_hd__or3b_1)
                  0.18    1.04   14.91 v _7553_/X (sky130_fd_sc_hd__or3b_1)
     1    0.01                           _2382_ (net)
                  0.18    0.00   14.91 v _7554_/C1 (sky130_fd_sc_hd__a311o_2)
                  0.17    0.77   15.68 v _7554_/X (sky130_fd_sc_hd__a311o_2)
     2    0.02                           _2384_ (net)
                  0.17    0.00   15.68 v _7676_/A2 (sky130_fd_sc_hd__a21oi_4)
                  0.42    0.51   16.19 ^ _7676_/Y (sky130_fd_sc_hd__a21oi_4)
     4    0.03                           _2518_ (net)
                  0.42    0.00   16.19 ^ _8023_/A2 (sky130_fd_sc_hd__o311ai_4)
                  0.24    0.39   16.58 v _8023_/Y (sky130_fd_sc_hd__o311ai_4)
     3    0.02                           _2895_ (net)
                  0.24    0.00   16.58 v _8127_/A2 (sky130_fd_sc_hd__a311oi_4)
                  0.56    0.71   17.30 ^ _8127_/Y (sky130_fd_sc_hd__a311oi_4)
     4    0.02                           _3009_ (net)
                  0.56    0.00   17.30 ^ _8428_/A2 (sky130_fd_sc_hd__o311ai_4)
                  0.19    0.38   17.68 v _8428_/Y (sky130_fd_sc_hd__o311ai_4)
     3    0.01                           _3336_ (net)
                  0.19    0.00   17.68 v _8650_/A1 (sky130_fd_sc_hd__a2111o_1)
                  0.21    0.93   18.61 v _8650_/X (sky130_fd_sc_hd__a2111o_1)
     3    0.01                           _3577_ (net)
                  0.21    0.00   18.61 v _8774_/A1 (sky130_fd_sc_hd__a22oi_4)
                  0.35    0.47   19.08 ^ _8774_/Y (sky130_fd_sc_hd__a22oi_4)
     4    0.02                           _3712_ (net)
                  0.35    0.00   19.08 ^ _8971_/A1 (sky130_fd_sc_hd__a31oi_4)
                  0.20    0.32   19.40 v _8971_/Y (sky130_fd_sc_hd__a31oi_4)
     3    0.02                           _3924_ (net)
                  0.20    0.00   19.40 v _9021_/A2 (sky130_fd_sc_hd__o41a_1)
                  0.22    1.00   20.40 v _9021_/X (sky130_fd_sc_hd__o41a_1)
     3    0.01                           _3976_ (net)
                  0.22    0.00   20.40 v _9048_/A2 (sky130_fd_sc_hd__o31ai_2)
                  0.41    0.54   20.94 ^ _9048_/Y (sky130_fd_sc_hd__o31ai_2)
     2    0.01                           _4004_ (net)
                  0.41    0.00   20.94 ^ _9049_/B (sky130_fd_sc_hd__xor2_1)
                  0.27    0.44   21.37 ^ _9049_/X (sky130_fd_sc_hd__xor2_1)
     1    0.01                           _0074_ (net)
                  0.27    0.00   21.37 ^ _9111_/D (sky130_fd_sc_hd__dfxtp_2)
                                 21.37   data arrival time

                         10.00   10.00   clock clk (rise edge)
                          0.00   10.00   clock source latency
                  0.34    0.23   10.23 ^ clk (in)
     1    0.05                           clk (net)
                  0.34    0.00   10.23 ^ clkbuf_0_clk/A (sky130_fd_sc_hd__clkbuf_16)
                  0.07    0.32   10.55 ^ clkbuf_0_clk/X (sky130_fd_sc_hd__clkbuf_16)
     2    0.02                           clknet_0_clk (net)
                  0.07    0.00   10.55 ^ clkbuf_1_0_0_clk/A (sky130_fd_sc_hd__clkbuf_2)
                  0.21    0.27   10.82 ^ clkbuf_1_0_0_clk/X (sky130_fd_sc_hd__clkbuf_2)
     2    0.02                           clknet_1_0_0_clk (net)
                  0.21    0.00   10.83 ^ clkbuf_2_0_0_clk/A (sky130_fd_sc_hd__clkbuf_2)
                  0.14    0.29   11.11 ^ clkbuf_2_0_0_clk/X (sky130_fd_sc_hd__clkbuf_2)
     2    0.01                           clknet_2_0_0_clk (net)
                  0.14    0.00   11.11 ^ clkbuf_3_0_0_clk/A (sky130_fd_sc_hd__clkbuf_2)
                  0.08    0.22   11.33 ^ clkbuf_3_0_0_clk/X (sky130_fd_sc_hd__clkbuf_2)
     2    0.01                           clknet_3_0_0_clk (net)
                  0.08    0.00   11.33 ^ clkbuf_4_1_0_clk/A (sky130_fd_sc_hd__clkbuf_2)
                  0.36    0.38   11.72 ^ clkbuf_4_1_0_clk/X (sky130_fd_sc_hd__clkbuf_2)
    15    0.04                           clknet_4_1_0_clk (net)
                  0.36    0.00   11.72 ^ _9111_/CLK (sky130_fd_sc_hd__dfxtp_2)
                         -0.25   11.47   clock uncertainty
                          0.06   11.52   clock reconvergence pessimism
                         -0.14   11.38   library setup time
                                 11.38   data required time
-----------------------------------------------------------------------------
                                 11.38   data required time
                                -21.37   data arrival time
-----------------------------------------------------------------------------
                                 -9.99   slack (VIOLATED)



======================= Typical Corner ===================================

Startpoint: _9197_ (rising edge-triggered flip-flop clocked by clk)
Endpoint: _9111_ (rising edge-triggered flip-flop clocked by clk)
Path Group: clk
Path Type: max
Corner: tt

Fanout     Cap    Slew   Delay    Time   Description
-----------------------------------------------------------------------------
                          0.00    0.00   clock clk (rise edge)
                          0.00    0.00   clock source latency
                  0.22    0.16    0.16 ^ clk (in)
     1    0.05                           clk (net)
                  0.22    0.00    0.16 ^ clkbuf_0_clk/A (sky130_fd_sc_hd__clkbuf_16)
                  0.04    0.19    0.35 ^ clkbuf_0_clk/X (sky130_fd_sc_hd__clkbuf_16)
     2    0.02                           clknet_0_clk (net)
                  0.04    0.00    0.35 ^ clkbuf_1_1_0_clk/A (sky130_fd_sc_hd__clkbuf_2)
                  0.16    0.20    0.55 ^ clkbuf_1_1_0_clk/X (sky130_fd_sc_hd__clkbuf_2)
     2    0.03                           clknet_1_1_0_clk (net)
                  0.16    0.00    0.55 ^ clkbuf_2_2_0_clk/A (sky130_fd_sc_hd__clkbuf_2)
                  0.09    0.19    0.74 ^ clkbuf_2_2_0_clk/X (sky130_fd_sc_hd__clkbuf_2)
     2    0.02                           clknet_2_2_0_clk (net)
                  0.09    0.00    0.74 ^ clkbuf_3_5_0_clk/A (sky130_fd_sc_hd__clkbuf_2)
                  0.07    0.14    0.88 ^ clkbuf_3_5_0_clk/X (sky130_fd_sc_hd__clkbuf_2)
     2    0.01                           clknet_3_5_0_clk (net)
                  0.07    0.00    0.88 ^ clkbuf_4_11_0_clk/A (sky130_fd_sc_hd__clkbuf_2)
                  0.22    0.25    1.13 ^ clkbuf_4_11_0_clk/X (sky130_fd_sc_hd__clkbuf_2)
     9    0.04                           clknet_4_11_0_clk (net)
                  0.22    0.00    1.13 ^ _9197_/CLK (sky130_fd_sc_hd__dfxtp_4)
                  0.14    0.49    1.62 ^ _9197_/Q (sky130_fd_sc_hd__dfxtp_4)
     3    0.04                           P1[36] (net)
                  0.14    0.01    1.63 ^ _5793_/A (sky130_fd_sc_hd__clkbuf_2)
                  0.17    0.24    1.87 ^ _5793_/X (sky130_fd_sc_hd__clkbuf_2)
     5    0.03                           _0509_ (net)
                  0.17    0.00    1.87 ^ _5794_/A (sky130_fd_sc_hd__buf_2)
                  0.22    0.28    2.15 ^ _5794_/X (sky130_fd_sc_hd__buf_2)
     5    0.04                           _0510_ (net)
                  0.22    0.00    2.15 ^ _5795_/A (sky130_fd_sc_hd__buf_2)
                  0.17    0.26    2.42 ^ _5795_/X (sky130_fd_sc_hd__buf_2)
     5    0.03                           _0511_ (net)
                  0.17    0.00    2.42 ^ _5796_/A (sky130_fd_sc_hd__clkbuf_4)
                  0.17    0.28    2.70 ^ _5796_/X (sky130_fd_sc_hd__clkbuf_4)
     5    0.05                           _0512_ (net)
                  0.17    0.00    2.70 ^ _5798_/C (sky130_fd_sc_hd__and4_2)
                  0.15    0.35    3.05 ^ _5798_/X (sky130_fd_sc_hd__and4_2)
     3    0.02                           _0514_ (net)
                  0.15    0.00    3.06 ^ _5833_/B (sky130_fd_sc_hd__nor2_1)
                  0.06    0.09    3.15 v _5833_/Y (sky130_fd_sc_hd__nor2_1)
     2    0.01                           _0549_ (net)
                  0.06    0.00    3.15 v _5835_/A (sky130_fd_sc_hd__and2_1)
                  0.05    0.16    3.31 v _5835_/X (sky130_fd_sc_hd__and2_1)
     2    0.01                           _0551_ (net)
                  0.05    0.00    3.31 v _5863_/C (sky130_fd_sc_hd__or3_1)
                  0.08    0.35    3.66 v _5863_/X (sky130_fd_sc_hd__or3_1)
     2    0.01                           _0579_ (net)
                  0.08    0.00    3.66 v _5898_/B (sky130_fd_sc_hd__and3b_1)
                  0.07    0.22    3.88 v _5898_/X (sky130_fd_sc_hd__and3b_1)
     2    0.01                           _0614_ (net)
                  0.07    0.00    3.88 v _5931_/A2 (sky130_fd_sc_hd__o211ai_4)
                  0.23    0.24    4.12 ^ _5931_/Y (sky130_fd_sc_hd__o211ai_4)
     5    0.02                           _0647_ (net)
                  0.23    0.00    4.12 ^ _5934_/C_N (sky130_fd_sc_hd__or4bb_4)
                  0.10    0.62    4.74 v _5934_/X (sky130_fd_sc_hd__or4bb_4)
     5    0.01                           _0650_ (net)
                  0.10    0.00    4.74 v _6047_/A (sky130_fd_sc_hd__or4_1)
                  0.10    0.58    5.32 v _6047_/X (sky130_fd_sc_hd__or4_1)
     2    0.01                           _0761_ (net)
                  0.10    0.00    5.32 v _6048_/A (sky130_fd_sc_hd__dlymetal6s2s_1)
                  0.09    0.22    5.54 v _6048_/X (sky130_fd_sc_hd__dlymetal6s2s_1)
     5    0.02                           _0762_ (net)
                  0.09    0.00    5.54 v _6049_/D (sky130_fd_sc_hd__and4bb_1)
                  0.06    0.25    5.78 v _6049_/X (sky130_fd_sc_hd__and4bb_1)
     2    0.01                           _0763_ (net)
                  0.06    0.00    5.78 v _6129_/D1 (sky130_fd_sc_hd__a2111o_1)
                  0.08    0.32    6.11 v _6129_/X (sky130_fd_sc_hd__a2111o_1)
     2    0.01                           _0841_ (net)
                  0.08    0.00    6.11 v _6217_/A1 (sky130_fd_sc_hd__a21o_1)
                  0.08    0.22    6.33 v _6217_/X (sky130_fd_sc_hd__a21o_1)
     4    0.01                           _0929_ (net)
                  0.08    0.00    6.33 v _6384_/A2 (sky130_fd_sc_hd__a311oi_2)
                  0.26    0.31    6.64 ^ _6384_/Y (sky130_fd_sc_hd__a311oi_2)
     2    0.01                           _1108_ (net)
                  0.26    0.00    6.64 ^ _6477_/A1 (sky130_fd_sc_hd__o21ai_1)
                  0.12    0.18    6.82 v _6477_/Y (sky130_fd_sc_hd__o21ai_1)
     3    0.01                           _1210_ (net)
                  0.12    0.00    6.82 v _6559_/A1 (sky130_fd_sc_hd__a21oi_2)
                  0.14    0.19    7.01 ^ _6559_/Y (sky130_fd_sc_hd__a21oi_2)
     3    0.01                           _1299_ (net)
                  0.14    0.00    7.01 ^ _6650_/A1 (sky130_fd_sc_hd__o21ai_1)
                  0.12    0.14    7.15 v _6650_/Y (sky130_fd_sc_hd__o21ai_1)
     3    0.01                           _1398_ (net)
                  0.12    0.00    7.15 v _7067_/A2 (sky130_fd_sc_hd__a211o_1)
                  0.08    0.37    7.53 v _7067_/X (sky130_fd_sc_hd__a211o_1)
     2    0.01                           _1852_ (net)
                  0.08    0.00    7.53 v _7554_/A1 (sky130_fd_sc_hd__a311o_2)
                  0.09    0.40    7.93 v _7554_/X (sky130_fd_sc_hd__a311o_2)
     2    0.02                           _2384_ (net)
                  0.09    0.00    7.93 v _7676_/A2 (sky130_fd_sc_hd__a21oi_4)
                  0.27    0.30    8.24 ^ _7676_/Y (sky130_fd_sc_hd__a21oi_4)
     4    0.03                           _2518_ (net)
                  0.27    0.00    8.24 ^ _8023_/A2 (sky130_fd_sc_hd__o311ai_4)
                  0.13    0.17    8.41 v _8023_/Y (sky130_fd_sc_hd__o311ai_4)
     3    0.02                           _2895_ (net)
                  0.13    0.00    8.41 v _8127_/A2 (sky130_fd_sc_hd__a311oi_4)
                  0.36    0.42    8.83 ^ _8127_/Y (sky130_fd_sc_hd__a311oi_4)
     4    0.02                           _3009_ (net)
                  0.36    0.00    8.83 ^ _8428_/A2 (sky130_fd_sc_hd__o311ai_4)
                  0.11    0.16    8.99 v _8428_/Y (sky130_fd_sc_hd__o311ai_4)
     3    0.01                           _3336_ (net)
                  0.11    0.00    8.99 v _8650_/A1 (sky130_fd_sc_hd__a2111o_1)
                  0.11    0.47    9.46 v _8650_/X (sky130_fd_sc_hd__a2111o_1)
     3    0.01                           _3577_ (net)
                  0.11    0.00    9.46 v _8774_/A1 (sky130_fd_sc_hd__a22oi_4)
                  0.23    0.27    9.73 ^ _8774_/Y (sky130_fd_sc_hd__a22oi_4)
     4    0.02                           _3712_ (net)
                  0.23    0.00    9.73 ^ _8971_/A1 (sky130_fd_sc_hd__a31oi_4)
                  0.11    0.15    9.89 v _8971_/Y (sky130_fd_sc_hd__a31oi_4)
     3    0.02                           _3924_ (net)
                  0.11    0.00    9.89 v _9021_/A2 (sky130_fd_sc_hd__o41a_1)
                  0.12    0.51   10.40 v _9021_/X (sky130_fd_sc_hd__o41a_1)
     3    0.01                           _3976_ (net)
                  0.12    0.00   10.40 v _9048_/A2 (sky130_fd_sc_hd__o31ai_2)
                  0.26    0.31   10.71 ^ _9048_/Y (sky130_fd_sc_hd__o31ai_2)
     2    0.01                           _4004_ (net)
                  0.26    0.00   10.71 ^ _9049_/B (sky130_fd_sc_hd__xor2_1)
                  0.17    0.22   10.94 ^ _9049_/X (sky130_fd_sc_hd__xor2_1)
     1    0.01                           _0074_ (net)
                  0.17    0.00   10.94 ^ _9111_/D (sky130_fd_sc_hd__dfxtp_2)
                                 10.94   data arrival time

                         10.00   10.00   clock clk (rise edge)
                          0.00   10.00   clock source latency
                  0.22    0.15   10.15 ^ clk (in)
     1    0.05                           clk (net)
                  0.22    0.00   10.15 ^ clkbuf_0_clk/A (sky130_fd_sc_hd__clkbuf_16)
                  0.04    0.17   10.32 ^ clkbuf_0_clk/X (sky130_fd_sc_hd__clkbuf_16)
     2    0.02                           clknet_0_clk (net)
                  0.04    0.00   10.32 ^ clkbuf_1_0_0_clk/A (sky130_fd_sc_hd__clkbuf_2)
                  0.13    0.16   10.48 ^ clkbuf_1_0_0_clk/X (sky130_fd_sc_hd__clkbuf_2)
     2    0.02                           clknet_1_0_0_clk (net)
                  0.13    0.00   10.48 ^ clkbuf_2_0_0_clk/A (sky130_fd_sc_hd__clkbuf_2)
                  0.09    0.16   10.64 ^ clkbuf_2_0_0_clk/X (sky130_fd_sc_hd__clkbuf_2)
     2    0.01                           clknet_2_0_0_clk (net)
                  0.09    0.00   10.64 ^ clkbuf_3_0_0_clk/A (sky130_fd_sc_hd__clkbuf_2)
                  0.05    0.12   10.76 ^ clkbuf_3_0_0_clk/X (sky130_fd_sc_hd__clkbuf_2)
     2    0.01                           clknet_3_0_0_clk (net)
                  0.05    0.00   10.76 ^ clkbuf_4_1_0_clk/A (sky130_fd_sc_hd__clkbuf_2)
                  0.24    0.23   10.99 ^ clkbuf_4_1_0_clk/X (sky130_fd_sc_hd__clkbuf_2)
    15    0.04                           clknet_4_1_0_clk (net)
                  0.24    0.00   10.99 ^ _9111_/CLK (sky130_fd_sc_hd__dfxtp_2)
                         -0.25   10.74   clock uncertainty
                          0.03   10.77   clock reconvergence pessimism
                         -0.06   10.72   library setup time
                                 10.72   data required time
-----------------------------------------------------------------------------
                                 10.72   data required time
                                -10.94   data arrival time
-----------------------------------------------------------------------------
                                 -0.22   slack (VIOLATED)



======================= Fastest Corner ===================================

Startpoint: _9197_ (rising edge-triggered flip-flop clocked by clk)
Endpoint: _9111_ (rising edge-triggered flip-flop clocked by clk)
Path Group: clk
Path Type: max
Corner: ff

Fanout     Cap    Slew   Delay    Time   Description
-----------------------------------------------------------------------------
                          0.00    0.00   clock clk (rise edge)
                          0.00    0.00   clock source latency
                  0.16    0.12    0.12 ^ clk (in)
     1    0.05                           clk (net)
                  0.16    0.00    0.12 ^ clkbuf_0_clk/A (sky130_fd_sc_hd__clkbuf_16)
                  0.03    0.12    0.24 ^ clkbuf_0_clk/X (sky130_fd_sc_hd__clkbuf_16)
     2    0.02                           clknet_0_clk (net)
                  0.03    0.00    0.24 ^ clkbuf_1_1_0_clk/A (sky130_fd_sc_hd__clkbuf_2)
                  0.13    0.14    0.38 ^ clkbuf_1_1_0_clk/X (sky130_fd_sc_hd__clkbuf_2)
     2    0.03                           clknet_1_1_0_clk (net)
                  0.13    0.00    0.38 ^ clkbuf_2_2_0_clk/A (sky130_fd_sc_hd__clkbuf_2)
                  0.07    0.12    0.51 ^ clkbuf_2_2_0_clk/X (sky130_fd_sc_hd__clkbuf_2)
     2    0.02                           clknet_2_2_0_clk (net)
                  0.07    0.00    0.51 ^ clkbuf_3_5_0_clk/A (sky130_fd_sc_hd__clkbuf_2)
                  0.05    0.10    0.60 ^ clkbuf_3_5_0_clk/X (sky130_fd_sc_hd__clkbuf_2)
     2    0.01                           clknet_3_5_0_clk (net)
                  0.05    0.00    0.60 ^ clkbuf_4_11_0_clk/A (sky130_fd_sc_hd__clkbuf_2)
                  0.17    0.18    0.78 ^ clkbuf_4_11_0_clk/X (sky130_fd_sc_hd__clkbuf_2)
     9    0.04                           clknet_4_11_0_clk (net)
                  0.17    0.00    0.78 ^ _9197_/CLK (sky130_fd_sc_hd__dfxtp_4)
                  0.10    0.31    1.09 ^ _9197_/Q (sky130_fd_sc_hd__dfxtp_4)
     3    0.04                           P1[36] (net)
                  0.10    0.01    1.10 ^ _5793_/A (sky130_fd_sc_hd__clkbuf_2)
                  0.13    0.16    1.26 ^ _5793_/X (sky130_fd_sc_hd__clkbuf_2)
     5    0.03                           _0509_ (net)
                  0.13    0.00    1.26 ^ _5794_/A (sky130_fd_sc_hd__buf_2)
                  0.16    0.19    1.45 ^ _5794_/X (sky130_fd_sc_hd__buf_2)
     5    0.04                           _0510_ (net)
                  0.16    0.00    1.45 ^ _5795_/A (sky130_fd_sc_hd__buf_2)
                  0.13    0.17    1.63 ^ _5795_/X (sky130_fd_sc_hd__buf_2)
     5    0.03                           _0511_ (net)
                  0.13    0.00    1.63 ^ _5796_/A (sky130_fd_sc_hd__clkbuf_4)
                  0.13    0.19    1.82 ^ _5796_/X (sky130_fd_sc_hd__clkbuf_4)
     5    0.05                           _0512_ (net)
                  0.13    0.00    1.82 ^ _5798_/C (sky130_fd_sc_hd__and4_2)
                  0.11    0.21    2.03 ^ _5798_/X (sky130_fd_sc_hd__and4_2)
     3    0.02                           _0514_ (net)
                  0.11    0.00    2.03 ^ _5833_/B (sky130_fd_sc_hd__nor2_1)
                  0.05    0.05    2.09 v _5833_/Y (sky130_fd_sc_hd__nor2_1)
     2    0.01                           _0549_ (net)
                  0.05    0.00    2.09 v _5835_/A (sky130_fd_sc_hd__and2_1)
                  0.03    0.10    2.19 v _5835_/X (sky130_fd_sc_hd__and2_1)
     2    0.01                           _0551_ (net)
                  0.03    0.00    2.19 v _5863_/C (sky130_fd_sc_hd__or3_1)
                  0.06    0.20    2.39 v _5863_/X (sky130_fd_sc_hd__or3_1)
     2    0.01                           _0579_ (net)
                  0.06    0.00    2.39 v _5898_/B (sky130_fd_sc_hd__and3b_1)
                  0.05    0.14    2.53 v _5898_/X (sky130_fd_sc_hd__and3b_1)
     2    0.01                           _0614_ (net)
                  0.05    0.00    2.53 v _5931_/A2 (sky130_fd_sc_hd__o211ai_4)
                  0.17    0.17    2.70 ^ _5931_/Y (sky130_fd_sc_hd__o211ai_4)
     5    0.02                           _0647_ (net)
                  0.17    0.00    2.71 ^ _5934_/C_N (sky130_fd_sc_hd__or4bb_4)
                  0.07    0.36    3.07 v _5934_/X (sky130_fd_sc_hd__or4bb_4)
     5    0.01                           _0650_ (net)
                  0.07    0.00    3.07 v _6047_/A (sky130_fd_sc_hd__or4_1)
                  0.06    0.33    3.40 v _6047_/X (sky130_fd_sc_hd__or4_1)
     2    0.01                           _0761_ (net)
                  0.06    0.00    3.40 v _6048_/A (sky130_fd_sc_hd__dlymetal6s2s_1)
                  0.06    0.14    3.54 v _6048_/X (sky130_fd_sc_hd__dlymetal6s2s_1)
     5    0.02                           _0762_ (net)
                  0.06    0.00    3.54 v _6049_/D (sky130_fd_sc_hd__and4bb_1)
                  0.04    0.16    3.70 v _6049_/X (sky130_fd_sc_hd__and4bb_1)
     2    0.01                           _0763_ (net)
                  0.04    0.00    3.70 v _6129_/D1 (sky130_fd_sc_hd__a2111o_1)
                  0.05    0.15    3.85 v _6129_/X (sky130_fd_sc_hd__a2111o_1)
     2    0.01                           _0841_ (net)
                  0.05    0.00    3.85 v _6217_/A1 (sky130_fd_sc_hd__a21o_1)
                  0.06    0.14    3.99 v _6217_/X (sky130_fd_sc_hd__a21o_1)
     4    0.01                           _0929_ (net)
                  0.06    0.00    3.99 v _6384_/A2 (sky130_fd_sc_hd__a311oi_2)
                  0.19    0.21    4.20 ^ _6384_/Y (sky130_fd_sc_hd__a311oi_2)
     2    0.01                           _1108_ (net)
                  0.19    0.00    4.20 ^ _6477_/A1 (sky130_fd_sc_hd__o21ai_1)
                  0.08    0.10    4.30 v _6477_/Y (sky130_fd_sc_hd__o21ai_1)
     3    0.01                           _1210_ (net)
                  0.08    0.00    4.30 v _6559_/A1 (sky130_fd_sc_hd__a21oi_2)
                  0.10    0.13    4.44 ^ _6559_/Y (sky130_fd_sc_hd__a21oi_2)
     3    0.01                           _1299_ (net)
                  0.10    0.00    4.44 ^ _6650_/A1 (sky130_fd_sc_hd__o21ai_1)
                  0.08    0.09    4.52 v _6650_/Y (sky130_fd_sc_hd__o21ai_1)
     3    0.01                           _1398_ (net)
                  0.08    0.00    4.52 v _7067_/A2 (sky130_fd_sc_hd__a211o_1)
                  0.06    0.24    4.76 v _7067_/X (sky130_fd_sc_hd__a211o_1)
     2    0.01                           _1852_ (net)
                  0.06    0.00    4.76 v _7554_/A1 (sky130_fd_sc_hd__a311o_2)
                  0.07    0.25    5.01 v _7554_/X (sky130_fd_sc_hd__a311o_2)
     2    0.02                           _2384_ (net)
                  0.07    0.00    5.01 v _7676_/A2 (sky130_fd_sc_hd__a21oi_4)
                  0.20    0.22    5.23 ^ _7676_/Y (sky130_fd_sc_hd__a21oi_4)
     4    0.03                           _2518_ (net)
                  0.20    0.00    5.23 ^ _8023_/A2 (sky130_fd_sc_hd__o311ai_4)
                  0.09    0.09    5.32 v _8023_/Y (sky130_fd_sc_hd__o311ai_4)
     3    0.02                           _2895_ (net)
                  0.09    0.00    5.32 v _8127_/A2 (sky130_fd_sc_hd__a311oi_4)
                  0.27    0.29    5.61 ^ _8127_/Y (sky130_fd_sc_hd__a311oi_4)
     4    0.02                           _3009_ (net)
                  0.27    0.00    5.62 ^ _8428_/A2 (sky130_fd_sc_hd__o311ai_4)
                  0.07    0.08    5.69 v _8428_/Y (sky130_fd_sc_hd__o311ai_4)
     3    0.01                           _3336_ (net)
                  0.07    0.00    5.69 v _8650_/A1 (sky130_fd_sc_hd__a2111o_1)
                  0.08    0.29    5.98 v _8650_/X (sky130_fd_sc_hd__a2111o_1)
     3    0.01                           _3577_ (net)
                  0.08    0.00    5.98 v _8774_/A1 (sky130_fd_sc_hd__a22oi_4)
                  0.13    0.15    6.13 ^ _8774_/Y (sky130_fd_sc_hd__a22oi_4)
     4    0.02                           _3712_ (net)
                  0.13    0.00    6.13 ^ _8971_/A1 (sky130_fd_sc_hd__a31oi_4)
                  0.08    0.08    6.21 v _8971_/Y (sky130_fd_sc_hd__a31oi_4)
     3    0.02                           _3924_ (net)
                  0.08    0.00    6.21 v _9021_/A2 (sky130_fd_sc_hd__o41a_1)
                  0.08    0.32    6.53 v _9021_/X (sky130_fd_sc_hd__o41a_1)
     3    0.01                           _3976_ (net)
                  0.08    0.00    6.53 v _9048_/A2 (sky130_fd_sc_hd__o31ai_2)
                  0.19    0.22    6.75 ^ _9048_/Y (sky130_fd_sc_hd__o31ai_2)
     2    0.01                           _4004_ (net)
                  0.19    0.00    6.75 ^ _9049_/B (sky130_fd_sc_hd__xor2_1)
                  0.12    0.13    6.88 ^ _9049_/X (sky130_fd_sc_hd__xor2_1)
     1    0.01                           _0074_ (net)
                  0.12    0.00    6.88 ^ _9111_/D (sky130_fd_sc_hd__dfxtp_2)
                                  6.88   data arrival time

                         10.00   10.00   clock clk (rise edge)
                          0.00   10.00   clock source latency
                  0.16    0.11   10.11 ^ clk (in)
     1    0.05                           clk (net)
                  0.16    0.00   10.11 ^ clkbuf_0_clk/A (sky130_fd_sc_hd__clkbuf_16)
                  0.03    0.11   10.22 ^ clkbuf_0_clk/X (sky130_fd_sc_hd__clkbuf_16)
     2    0.02                           clknet_0_clk (net)
                  0.03    0.00   10.22 ^ clkbuf_1_0_0_clk/A (sky130_fd_sc_hd__clkbuf_2)
                  0.10    0.11   10.33 ^ clkbuf_1_0_0_clk/X (sky130_fd_sc_hd__clkbuf_2)
     2    0.02                           clknet_1_0_0_clk (net)
                  0.10    0.00   10.33 ^ clkbuf_2_0_0_clk/A (sky130_fd_sc_hd__clkbuf_2)
                  0.07    0.10   10.44 ^ clkbuf_2_0_0_clk/X (sky130_fd_sc_hd__clkbuf_2)
     2    0.01                           clknet_2_0_0_clk (net)
                  0.07    0.00   10.44 ^ clkbuf_3_0_0_clk/A (sky130_fd_sc_hd__clkbuf_2)
                  0.04    0.08   10.51 ^ clkbuf_3_0_0_clk/X (sky130_fd_sc_hd__clkbuf_2)
     2    0.01                           clknet_3_0_0_clk (net)
                  0.04    0.00   10.51 ^ clkbuf_4_1_0_clk/A (sky130_fd_sc_hd__clkbuf_2)
                  0.19    0.17   10.68 ^ clkbuf_4_1_0_clk/X (sky130_fd_sc_hd__clkbuf_2)
    15    0.05                           clknet_4_1_0_clk (net)
                  0.19    0.00   10.69 ^ _9111_/CLK (sky130_fd_sc_hd__dfxtp_2)
                         -0.25   10.44   clock uncertainty
                          0.02   10.46   clock reconvergence pessimism
                         -0.03   10.42   library setup time
                                 10.42   data required time
-----------------------------------------------------------------------------
                                 10.42   data required time
                                 -6.88   data arrival time
-----------------------------------------------------------------------------
                                  3.55   slack (MET)



===========================================================================
report_checks --slack_max -0.01
============================================================================

======================= Slowest Corner ===================================

Startpoint: _9172_ (rising edge-triggered flip-flop clocked by clk)
Endpoint: _9111_ (rising edge-triggered flip-flop clocked by clk)
Path Group: clk
Path Type: max
Corner: ss

Fanout     Cap    Slew   Delay    Time   Description
-----------------------------------------------------------------------------
                          0.00    0.00   clock clk (rise edge)
                          0.00    0.00   clock source latency
                  0.34    0.25    0.25 ^ clk (in)
     1    0.05                           clk (net)
                  0.34    0.00    0.25 ^ clkbuf_0_clk/A (sky130_fd_sc_hd__clkbuf_16)
                  0.07    0.35    0.61 ^ clkbuf_0_clk/X (sky130_fd_sc_hd__clkbuf_16)
     2    0.02                           clknet_0_clk (net)
                  0.07    0.00    0.61 ^ clkbuf_1_1_0_clk/A (sky130_fd_sc_hd__clkbuf_2)
                  0.25    0.34    0.95 ^ clkbuf_1_1_0_clk/X (sky130_fd_sc_hd__clkbuf_2)
     2    0.03                           clknet_1_1_0_clk (net)
                  0.25    0.00    0.95 ^ clkbuf_2_3_0_clk/A (sky130_fd_sc_hd__clkbuf_2)
                  0.13    0.33    1.28 ^ clkbuf_2_3_0_clk/X (sky130_fd_sc_hd__clkbuf_2)
     2    0.01                           clknet_2_3_0_clk (net)
                  0.13    0.00    1.28 ^ clkbuf_3_6_0_clk/A (sky130_fd_sc_hd__clkbuf_2)
                  0.11    0.26    1.54 ^ clkbuf_3_6_0_clk/X (sky130_fd_sc_hd__clkbuf_2)
     2    0.01                           clknet_3_6_0_clk (net)
                  0.11    0.00    1.54 ^ clkbuf_4_12_0_clk/A (sky130_fd_sc_hd__clkbuf_2)
                  0.66    0.66    2.20 ^ clkbuf_4_12_0_clk/X (sky130_fd_sc_hd__clkbuf_2)
     6    0.08                           clknet_4_12_0_clk (net)
                  0.66    0.00    2.20 ^ _9172_/CLK (sky130_fd_sc_hd__dfxtp_1)
                  0.28    1.09    3.29 ^ _9172_/Q (sky130_fd_sc_hd__dfxtp_1)
     2    0.02                           P1[11] (net)
                  0.28    0.00    3.29 ^ _6153_/A (sky130_fd_sc_hd__dlymetal6s2s_1)
                  0.31    0.44    3.73 ^ _6153_/X (sky130_fd_sc_hd__dlymetal6s2s_1)
     5    0.02                           _0865_ (net)
                  0.31    0.00    3.74 ^ _6154_/A (sky130_fd_sc_hd__clkbuf_2)
                  0.33    0.50    4.24 ^ _6154_/X (sky130_fd_sc_hd__clkbuf_2)
     5    0.04                           _0866_ (net)
                  0.33    0.00    4.24 ^ _7326_/A1 (sky130_fd_sc_hd__a22oi_1)
                  0.29    0.41    4.65 v _7326_/Y (sky130_fd_sc_hd__a22oi_1)
     2    0.01                           _2135_ (net)
                  0.29    0.00    4.65 v _7328_/A (sky130_fd_sc_hd__nor2_1)
                  0.43    0.50    5.15 ^ _7328_/Y (sky130_fd_sc_hd__nor2_1)
     1    0.01                           _2137_ (net)
                  0.43    0.00    5.16 ^ _7329_/B (sky130_fd_sc_hd__xnor2_1)
                  0.23    0.37    5.53 v _7329_/Y (sky130_fd_sc_hd__xnor2_1)
     2    0.01                           _2138_ (net)
                  0.23    0.00    5.53 v _7338_/A (sky130_fd_sc_hd__and2_1)
                  0.17    0.47    6.00 v _7338_/X (sky130_fd_sc_hd__and2_1)
     3    0.02                           _2148_ (net)
                  0.17    0.00    6.00 v _7339_/B (sky130_fd_sc_hd__or2_1)
                  0.15    0.59    6.59 v _7339_/X (sky130_fd_sc_hd__or2_1)
     3    0.01                           _2149_ (net)
                  0.15    0.00    6.59 v _7340_/C (sky130_fd_sc_hd__and3_1)
                  0.11    0.46    7.05 v _7340_/X (sky130_fd_sc_hd__and3_1)
     2    0.01                           _2150_ (net)
                  0.11    0.00    7.05 v _7343_/A1 (sky130_fd_sc_hd__o211a_1)
                  0.09    0.46    7.52 v _7343_/X (sky130_fd_sc_hd__o211a_1)
     2    0.00                           _2153_ (net)
                  0.09    0.00    7.52 v _7380_/A (sky130_fd_sc_hd__or4bb_2)
                  0.32    1.75    9.27 v _7380_/X (sky130_fd_sc_hd__or4bb_2)
     3    0.02                           _2194_ (net)
                  0.32    0.00    9.27 v _7382_/A (sky130_fd_sc_hd__nand2_2)
                  0.30    0.39    9.66 ^ _7382_/Y (sky130_fd_sc_hd__nand2_2)
     2    0.03                           _2196_ (net)
                  0.30    0.00    9.66 ^ _7384_/A (sky130_fd_sc_hd__xor2_2)
                  0.16    0.28    9.94 v _7384_/X (sky130_fd_sc_hd__xor2_2)
     2    0.01                           _2199_ (net)
                  0.16    0.00    9.94 v _7386_/C (sky130_fd_sc_hd__or3_4)
                  0.19    0.83   10.77 v _7386_/X (sky130_fd_sc_hd__or3_4)
     4    0.03                           _2201_ (net)
                  0.19    0.00   10.77 v _7387_/A2 (sky130_fd_sc_hd__a211o_1)
                  0.15    0.70   11.47 v _7387_/X (sky130_fd_sc_hd__a211o_1)
     3    0.01                           _2202_ (net)
                  0.15    0.00   11.47 v _7399_/B (sky130_fd_sc_hd__and3_1)
                  0.10    0.43   11.90 v _7399_/X (sky130_fd_sc_hd__and3_1)
     2    0.01                           _2215_ (net)
                  0.10    0.00   11.90 v _7401_/C1 (sky130_fd_sc_hd__a211o_1)
                  0.17    0.57   12.47 v _7401_/X (sky130_fd_sc_hd__a211o_1)
     4    0.01                           _2217_ (net)
                  0.17    0.00   12.47 v _7403_/C (sky130_fd_sc_hd__and3_1)
                  0.14    0.51   12.98 v _7403_/X (sky130_fd_sc_hd__and3_1)
     2    0.01                           _2219_ (net)
                  0.14    0.00   12.98 v _7404_/B (sky130_fd_sc_hd__nor2_1)
                  0.46    0.44   13.42 ^ _7404_/Y (sky130_fd_sc_hd__nor2_1)
     2    0.01                           _2221_ (net)
                  0.46    0.00   13.42 ^ _7405_/B (sky130_fd_sc_hd__xnor2_2)
                  0.52    0.45   13.87 ^ _7405_/Y (sky130_fd_sc_hd__xnor2_2)
     4    0.02                           _2222_ (net)
                  0.52    0.00   13.87 ^ _7553_/C_N (sky130_fd_sc_hd__or3b_1)
                  0.18    1.04   14.91 v _7553_/X (sky130_fd_sc_hd__or3b_1)
     1    0.01                           _2382_ (net)
                  0.18    0.00   14.91 v _7554_/C1 (sky130_fd_sc_hd__a311o_2)
                  0.17    0.77   15.68 v _7554_/X (sky130_fd_sc_hd__a311o_2)
     2    0.02                           _2384_ (net)
                  0.17    0.00   15.68 v _7676_/A2 (sky130_fd_sc_hd__a21oi_4)
                  0.42    0.51   16.19 ^ _7676_/Y (sky130_fd_sc_hd__a21oi_4)
     4    0.03                           _2518_ (net)
                  0.42    0.00   16.19 ^ _8023_/A2 (sky130_fd_sc_hd__o311ai_4)
                  0.24    0.39   16.58 v _8023_/Y (sky130_fd_sc_hd__o311ai_4)
     3    0.02                           _2895_ (net)
                  0.24    0.00   16.58 v _8127_/A2 (sky130_fd_sc_hd__a311oi_4)
                  0.56    0.71   17.30 ^ _8127_/Y (sky130_fd_sc_hd__a311oi_4)
     4    0.02                           _3009_ (net)
                  0.56    0.00   17.30 ^ _8428_/A2 (sky130_fd_sc_hd__o311ai_4)
                  0.19    0.38   17.68 v _8428_/Y (sky130_fd_sc_hd__o311ai_4)
     3    0.01                           _3336_ (net)
                  0.19    0.00   17.68 v _8650_/A1 (sky130_fd_sc_hd__a2111o_1)
                  0.21    0.93   18.61 v _8650_/X (sky130_fd_sc_hd__a2111o_1)
     3    0.01                           _3577_ (net)
                  0.21    0.00   18.61 v _8774_/A1 (sky130_fd_sc_hd__a22oi_4)
                  0.35    0.47   19.08 ^ _8774_/Y (sky130_fd_sc_hd__a22oi_4)
     4    0.02                           _3712_ (net)
                  0.35    0.00   19.08 ^ _8971_/A1 (sky130_fd_sc_hd__a31oi_4)
                  0.20    0.32   19.40 v _8971_/Y (sky130_fd_sc_hd__a31oi_4)
     3    0.02                           _3924_ (net)
                  0.20    0.00   19.40 v _9021_/A2 (sky130_fd_sc_hd__o41a_1)
                  0.22    1.00   20.40 v _9021_/X (sky130_fd_sc_hd__o41a_1)
     3    0.01                           _3976_ (net)
                  0.22    0.00   20.40 v _9048_/A2 (sky130_fd_sc_hd__o31ai_2)
                  0.41    0.54   20.94 ^ _9048_/Y (sky130_fd_sc_hd__o31ai_2)
     2    0.01                           _4004_ (net)
                  0.41    0.00   20.94 ^ _9049_/B (sky130_fd_sc_hd__xor2_1)
                  0.27    0.44   21.37 ^ _9049_/X (sky130_fd_sc_hd__xor2_1)
     1    0.01                           _0074_ (net)
                  0.27    0.00   21.37 ^ _9111_/D (sky130_fd_sc_hd__dfxtp_2)
                                 21.37   data arrival time

                         10.00   10.00   clock clk (rise edge)
                          0.00   10.00   clock source latency
                  0.34    0.23   10.23 ^ clk (in)
     1    0.05                           clk (net)
                  0.34    0.00   10.23 ^ clkbuf_0_clk/A (sky130_fd_sc_hd__clkbuf_16)
                  0.07    0.32   10.55 ^ clkbuf_0_clk/X (sky130_fd_sc_hd__clkbuf_16)
     2    0.02                           clknet_0_clk (net)
                  0.07    0.00   10.55 ^ clkbuf_1_0_0_clk/A (sky130_fd_sc_hd__clkbuf_2)
                  0.21    0.27   10.82 ^ clkbuf_1_0_0_clk/X (sky130_fd_sc_hd__clkbuf_2)
     2    0.02                           clknet_1_0_0_clk (net)
                  0.21    0.00   10.83 ^ clkbuf_2_0_0_clk/A (sky130_fd_sc_hd__clkbuf_2)
                  0.14    0.29   11.11 ^ clkbuf_2_0_0_clk/X (sky130_fd_sc_hd__clkbuf_2)
     2    0.01                           clknet_2_0_0_clk (net)
                  0.14    0.00   11.11 ^ clkbuf_3_0_0_clk/A (sky130_fd_sc_hd__clkbuf_2)
                  0.08    0.22   11.33 ^ clkbuf_3_0_0_clk/X (sky130_fd_sc_hd__clkbuf_2)
     2    0.01                           clknet_3_0_0_clk (net)
                  0.08    0.00   11.33 ^ clkbuf_4_1_0_clk/A (sky130_fd_sc_hd__clkbuf_2)
                  0.36    0.38   11.72 ^ clkbuf_4_1_0_clk/X (sky130_fd_sc_hd__clkbuf_2)
    15    0.04                           clknet_4_1_0_clk (net)
                  0.36    0.00   11.72 ^ _9111_/CLK (sky130_fd_sc_hd__dfxtp_2)
                         -0.25   11.47   clock uncertainty
                          0.06   11.52   clock reconvergence pessimism
                         -0.14   11.38   library setup time
                                 11.38   data required time
-----------------------------------------------------------------------------
                                 11.38   data required time
                                -21.37   data arrival time
-----------------------------------------------------------------------------
                                 -9.99   slack (VIOLATED)



======================= Typical Corner ===================================

Startpoint: _9197_ (rising edge-triggered flip-flop clocked by clk)
Endpoint: _9111_ (rising edge-triggered flip-flop clocked by clk)
Path Group: clk
Path Type: max
Corner: tt

Fanout     Cap    Slew   Delay    Time   Description
-----------------------------------------------------------------------------
                          0.00    0.00   clock clk (rise edge)
                          0.00    0.00   clock source latency
                  0.22    0.16    0.16 ^ clk (in)
     1    0.05                           clk (net)
                  0.22    0.00    0.16 ^ clkbuf_0_clk/A (sky130_fd_sc_hd__clkbuf_16)
                  0.04    0.19    0.35 ^ clkbuf_0_clk/X (sky130_fd_sc_hd__clkbuf_16)
     2    0.02                           clknet_0_clk (net)
                  0.04    0.00    0.35 ^ clkbuf_1_1_0_clk/A (sky130_fd_sc_hd__clkbuf_2)
                  0.16    0.20    0.55 ^ clkbuf_1_1_0_clk/X (sky130_fd_sc_hd__clkbuf_2)
     2    0.03                           clknet_1_1_0_clk (net)
                  0.16    0.00    0.55 ^ clkbuf_2_2_0_clk/A (sky130_fd_sc_hd__clkbuf_2)
                  0.09    0.19    0.74 ^ clkbuf_2_2_0_clk/X (sky130_fd_sc_hd__clkbuf_2)
     2    0.02                           clknet_2_2_0_clk (net)
                  0.09    0.00    0.74 ^ clkbuf_3_5_0_clk/A (sky130_fd_sc_hd__clkbuf_2)
                  0.07    0.14    0.88 ^ clkbuf_3_5_0_clk/X (sky130_fd_sc_hd__clkbuf_2)
     2    0.01                           clknet_3_5_0_clk (net)
                  0.07    0.00    0.88 ^ clkbuf_4_11_0_clk/A (sky130_fd_sc_hd__clkbuf_2)
                  0.22    0.25    1.13 ^ clkbuf_4_11_0_clk/X (sky130_fd_sc_hd__clkbuf_2)
     9    0.04                           clknet_4_11_0_clk (net)
                  0.22    0.00    1.13 ^ _9197_/CLK (sky130_fd_sc_hd__dfxtp_4)
                  0.14    0.49    1.62 ^ _9197_/Q (sky130_fd_sc_hd__dfxtp_4)
     3    0.04                           P1[36] (net)
                  0.14    0.01    1.63 ^ _5793_/A (sky130_fd_sc_hd__clkbuf_2)
                  0.17    0.24    1.87 ^ _5793_/X (sky130_fd_sc_hd__clkbuf_2)
     5    0.03                           _0509_ (net)
                  0.17    0.00    1.87 ^ _5794_/A (sky130_fd_sc_hd__buf_2)
                  0.22    0.28    2.15 ^ _5794_/X (sky130_fd_sc_hd__buf_2)
     5    0.04                           _0510_ (net)
                  0.22    0.00    2.15 ^ _5795_/A (sky130_fd_sc_hd__buf_2)
                  0.17    0.26    2.42 ^ _5795_/X (sky130_fd_sc_hd__buf_2)
     5    0.03                           _0511_ (net)
                  0.17    0.00    2.42 ^ _5796_/A (sky130_fd_sc_hd__clkbuf_4)
                  0.17    0.28    2.70 ^ _5796_/X (sky130_fd_sc_hd__clkbuf_4)
     5    0.05                           _0512_ (net)
                  0.17    0.00    2.70 ^ _5798_/C (sky130_fd_sc_hd__and4_2)
                  0.15    0.35    3.05 ^ _5798_/X (sky130_fd_sc_hd__and4_2)
     3    0.02                           _0514_ (net)
                  0.15    0.00    3.06 ^ _5833_/B (sky130_fd_sc_hd__nor2_1)
                  0.06    0.09    3.15 v _5833_/Y (sky130_fd_sc_hd__nor2_1)
     2    0.01                           _0549_ (net)
                  0.06    0.00    3.15 v _5835_/A (sky130_fd_sc_hd__and2_1)
                  0.05    0.16    3.31 v _5835_/X (sky130_fd_sc_hd__and2_1)
     2    0.01                           _0551_ (net)
                  0.05    0.00    3.31 v _5863_/C (sky130_fd_sc_hd__or3_1)
                  0.08    0.35    3.66 v _5863_/X (sky130_fd_sc_hd__or3_1)
     2    0.01                           _0579_ (net)
                  0.08    0.00    3.66 v _5898_/B (sky130_fd_sc_hd__and3b_1)
                  0.07    0.22    3.88 v _5898_/X (sky130_fd_sc_hd__and3b_1)
     2    0.01                           _0614_ (net)
                  0.07    0.00    3.88 v _5931_/A2 (sky130_fd_sc_hd__o211ai_4)
                  0.23    0.24    4.12 ^ _5931_/Y (sky130_fd_sc_hd__o211ai_4)
     5    0.02                           _0647_ (net)
                  0.23    0.00    4.12 ^ _5934_/C_N (sky130_fd_sc_hd__or4bb_4)
                  0.10    0.62    4.74 v _5934_/X (sky130_fd_sc_hd__or4bb_4)
     5    0.01                           _0650_ (net)
                  0.10    0.00    4.74 v _6047_/A (sky130_fd_sc_hd__or4_1)
                  0.10    0.58    5.32 v _6047_/X (sky130_fd_sc_hd__or4_1)
     2    0.01                           _0761_ (net)
                  0.10    0.00    5.32 v _6048_/A (sky130_fd_sc_hd__dlymetal6s2s_1)
                  0.09    0.22    5.54 v _6048_/X (sky130_fd_sc_hd__dlymetal6s2s_1)
     5    0.02                           _0762_ (net)
                  0.09    0.00    5.54 v _6049_/D (sky130_fd_sc_hd__and4bb_1)
                  0.06    0.25    5.78 v _6049_/X (sky130_fd_sc_hd__and4bb_1)
     2    0.01                           _0763_ (net)
                  0.06    0.00    5.78 v _6129_/D1 (sky130_fd_sc_hd__a2111o_1)
                  0.08    0.32    6.11 v _6129_/X (sky130_fd_sc_hd__a2111o_1)
     2    0.01                           _0841_ (net)
                  0.08    0.00    6.11 v _6217_/A1 (sky130_fd_sc_hd__a21o_1)
                  0.08    0.22    6.33 v _6217_/X (sky130_fd_sc_hd__a21o_1)
     4    0.01                           _0929_ (net)
                  0.08    0.00    6.33 v _6384_/A2 (sky130_fd_sc_hd__a311oi_2)
                  0.26    0.31    6.64 ^ _6384_/Y (sky130_fd_sc_hd__a311oi_2)
     2    0.01                           _1108_ (net)
                  0.26    0.00    6.64 ^ _6477_/A1 (sky130_fd_sc_hd__o21ai_1)
                  0.12    0.18    6.82 v _6477_/Y (sky130_fd_sc_hd__o21ai_1)
     3    0.01                           _1210_ (net)
                  0.12    0.00    6.82 v _6559_/A1 (sky130_fd_sc_hd__a21oi_2)
                  0.14    0.19    7.01 ^ _6559_/Y (sky130_fd_sc_hd__a21oi_2)
     3    0.01                           _1299_ (net)
                  0.14    0.00    7.01 ^ _6650_/A1 (sky130_fd_sc_hd__o21ai_1)
                  0.12    0.14    7.15 v _6650_/Y (sky130_fd_sc_hd__o21ai_1)
     3    0.01                           _1398_ (net)
                  0.12    0.00    7.15 v _7067_/A2 (sky130_fd_sc_hd__a211o_1)
                  0.08    0.37    7.53 v _7067_/X (sky130_fd_sc_hd__a211o_1)
     2    0.01                           _1852_ (net)
                  0.08    0.00    7.53 v _7554_/A1 (sky130_fd_sc_hd__a311o_2)
                  0.09    0.40    7.93 v _7554_/X (sky130_fd_sc_hd__a311o_2)
     2    0.02                           _2384_ (net)
                  0.09    0.00    7.93 v _7676_/A2 (sky130_fd_sc_hd__a21oi_4)
                  0.27    0.30    8.24 ^ _7676_/Y (sky130_fd_sc_hd__a21oi_4)
     4    0.03                           _2518_ (net)
                  0.27    0.00    8.24 ^ _8023_/A2 (sky130_fd_sc_hd__o311ai_4)
                  0.13    0.17    8.41 v _8023_/Y (sky130_fd_sc_hd__o311ai_4)
     3    0.02                           _2895_ (net)
                  0.13    0.00    8.41 v _8127_/A2 (sky130_fd_sc_hd__a311oi_4)
                  0.36    0.42    8.83 ^ _8127_/Y (sky130_fd_sc_hd__a311oi_4)
     4    0.02                           _3009_ (net)
                  0.36    0.00    8.83 ^ _8428_/A2 (sky130_fd_sc_hd__o311ai_4)
                  0.11    0.16    8.99 v _8428_/Y (sky130_fd_sc_hd__o311ai_4)
     3    0.01                           _3336_ (net)
                  0.11    0.00    8.99 v _8650_/A1 (sky130_fd_sc_hd__a2111o_1)
                  0.11    0.47    9.46 v _8650_/X (sky130_fd_sc_hd__a2111o_1)
     3    0.01                           _3577_ (net)
                  0.11    0.00    9.46 v _8774_/A1 (sky130_fd_sc_hd__a22oi_4)
                  0.23    0.27    9.73 ^ _8774_/Y (sky130_fd_sc_hd__a22oi_4)
     4    0.02                           _3712_ (net)
                  0.23    0.00    9.73 ^ _8971_/A1 (sky130_fd_sc_hd__a31oi_4)
                  0.11    0.15    9.89 v _8971_/Y (sky130_fd_sc_hd__a31oi_4)
     3    0.02                           _3924_ (net)
                  0.11    0.00    9.89 v _9021_/A2 (sky130_fd_sc_hd__o41a_1)
                  0.12    0.51   10.40 v _9021_/X (sky130_fd_sc_hd__o41a_1)
     3    0.01                           _3976_ (net)
                  0.12    0.00   10.40 v _9048_/A2 (sky130_fd_sc_hd__o31ai_2)
                  0.26    0.31   10.71 ^ _9048_/Y (sky130_fd_sc_hd__o31ai_2)
     2    0.01                           _4004_ (net)
                  0.26    0.00   10.71 ^ _9049_/B (sky130_fd_sc_hd__xor2_1)
                  0.17    0.22   10.94 ^ _9049_/X (sky130_fd_sc_hd__xor2_1)
     1    0.01                           _0074_ (net)
                  0.17    0.00   10.94 ^ _9111_/D (sky130_fd_sc_hd__dfxtp_2)
                                 10.94   data arrival time

                         10.00   10.00   clock clk (rise edge)
                          0.00   10.00   clock source latency
                  0.22    0.15   10.15 ^ clk (in)
     1    0.05                           clk (net)
                  0.22    0.00   10.15 ^ clkbuf_0_clk/A (sky130_fd_sc_hd__clkbuf_16)
                  0.04    0.17   10.32 ^ clkbuf_0_clk/X (sky130_fd_sc_hd__clkbuf_16)
     2    0.02                           clknet_0_clk (net)
                  0.04    0.00   10.32 ^ clkbuf_1_0_0_clk/A (sky130_fd_sc_hd__clkbuf_2)
                  0.13    0.16   10.48 ^ clkbuf_1_0_0_clk/X (sky130_fd_sc_hd__clkbuf_2)
     2    0.02                           clknet_1_0_0_clk (net)
                  0.13    0.00   10.48 ^ clkbuf_2_0_0_clk/A (sky130_fd_sc_hd__clkbuf_2)
                  0.09    0.16   10.64 ^ clkbuf_2_0_0_clk/X (sky130_fd_sc_hd__clkbuf_2)
     2    0.01                           clknet_2_0_0_clk (net)
                  0.09    0.00   10.64 ^ clkbuf_3_0_0_clk/A (sky130_fd_sc_hd__clkbuf_2)
                  0.05    0.12   10.76 ^ clkbuf_3_0_0_clk/X (sky130_fd_sc_hd__clkbuf_2)
     2    0.01                           clknet_3_0_0_clk (net)
                  0.05    0.00   10.76 ^ clkbuf_4_1_0_clk/A (sky130_fd_sc_hd__clkbuf_2)
                  0.24    0.23   10.99 ^ clkbuf_4_1_0_clk/X (sky130_fd_sc_hd__clkbuf_2)
    15    0.04                           clknet_4_1_0_clk (net)
                  0.24    0.00   10.99 ^ _9111_/CLK (sky130_fd_sc_hd__dfxtp_2)
                         -0.25   10.74   clock uncertainty
                          0.03   10.77   clock reconvergence pessimism
                         -0.06   10.72   library setup time
                                 10.72   data required time
-----------------------------------------------------------------------------
                                 10.72   data required time
                                -10.94   data arrival time
-----------------------------------------------------------------------------
                                 -0.22   slack (VIOLATED)



======================= Fastest Corner ===================================

No paths found.
