
===========================================================================
report_checks -unconstrained
============================================================================
Startpoint: _9195_ (rising edge-triggered flip-flop clocked by clk)
Endpoint: _9111_ (rising edge-triggered flip-flop clocked by clk)
Path Group: clk
Path Type: max

Fanout     Cap    Slew   Delay    Time   Description
-----------------------------------------------------------------------------
                  0.15    0.00    0.00   clock clk (rise edge)
                          0.00    0.00   clock network delay (ideal)
                  0.15    0.00    0.00 ^ _9195_/CLK (sky130_fd_sc_hd__dfxtp_1)
                  0.18    0.46    0.46 ^ _9195_/Q (sky130_fd_sc_hd__dfxtp_1)
     2    0.02                           P1[34] (net)
                  0.18    0.00    0.46 ^ _5806_/A (sky130_fd_sc_hd__dlymetal6s2s_1)
                  0.21    0.26    0.72 ^ _5806_/X (sky130_fd_sc_hd__dlymetal6s2s_1)
     5    0.02                           _0522_ (net)
                  0.21    0.00    0.72 ^ _5852_/A (sky130_fd_sc_hd__buf_2)
                  0.16    0.25    0.97 ^ _5852_/X (sky130_fd_sc_hd__buf_2)
     5    0.03                           _0568_ (net)
                  0.16    0.00    0.97 ^ _5853_/A2 (sky130_fd_sc_hd__a22oi_2)
                  0.07    0.12    1.09 v _5853_/Y (sky130_fd_sc_hd__a22oi_2)
     3    0.01                           _0569_ (net)
                  0.07    0.00    1.09 v _5854_/C (sky130_fd_sc_hd__or3_1)
                  0.08    0.34    1.44 v _5854_/X (sky130_fd_sc_hd__or3_1)
     2    0.01                           _0570_ (net)
                  0.08    0.00    1.44 v _5859_/A1 (sky130_fd_sc_hd__a21o_1)
                  0.05    0.19    1.63 v _5859_/X (sky130_fd_sc_hd__a21o_1)
     2    0.01                           _0575_ (net)
                  0.05    0.00    1.63 v _5860_/B (sky130_fd_sc_hd__and2b_1)
                  0.06    0.19    1.82 v _5860_/X (sky130_fd_sc_hd__and2b_1)
     1    0.01                           _0576_ (net)
                  0.06    0.00    1.82 v _5861_/B (sky130_fd_sc_hd__xor2_2)
                  0.09    0.18    1.99 v _5861_/X (sky130_fd_sc_hd__xor2_2)
     2    0.01                           _0577_ (net)
                  0.09    0.00    2.00 v _5863_/A (sky130_fd_sc_hd__or3_1)
                  0.08    0.41    2.41 v _5863_/X (sky130_fd_sc_hd__or3_1)
     2    0.00                           _0579_ (net)
                  0.08    0.00    2.41 v _5898_/B (sky130_fd_sc_hd__and3b_1)
                  0.07    0.22    2.63 v _5898_/X (sky130_fd_sc_hd__and3b_1)
     2    0.01                           _0614_ (net)
                  0.07    0.00    2.63 v _5931_/A2 (sky130_fd_sc_hd__o211ai_4)
                  0.21    0.23    2.86 ^ _5931_/Y (sky130_fd_sc_hd__o211ai_4)
     5    0.02                           _0647_ (net)
                  0.21    0.00    2.86 ^ _5934_/C_N (sky130_fd_sc_hd__or4bb_2)
                  0.13    0.73    3.59 v _5934_/X (sky130_fd_sc_hd__or4bb_2)
     5    0.01                           _0650_ (net)
                  0.13    0.00    3.59 v _6047_/A (sky130_fd_sc_hd__or4_1)
                  0.09    0.59    4.17 v _6047_/X (sky130_fd_sc_hd__or4_1)
     2    0.00                           _0761_ (net)
                  0.09    0.00    4.17 v _6048_/A (sky130_fd_sc_hd__dlymetal6s2s_1)
                  0.09    0.21    4.39 v _6048_/X (sky130_fd_sc_hd__dlymetal6s2s_1)
     5    0.01                           _0762_ (net)
                  0.09    0.00    4.39 v _6049_/D (sky130_fd_sc_hd__and4bb_1)
                  0.06    0.24    4.63 v _6049_/X (sky130_fd_sc_hd__and4bb_1)
     2    0.01                           _0763_ (net)
                  0.06    0.00    4.63 v _6129_/D1 (sky130_fd_sc_hd__a2111o_1)
                  0.07    0.32    4.95 v _6129_/X (sky130_fd_sc_hd__a2111o_1)
     2    0.01                           _0841_ (net)
                  0.07    0.00    4.95 v _6217_/A1 (sky130_fd_sc_hd__a21o_1)
                  0.08    0.22    5.17 v _6217_/X (sky130_fd_sc_hd__a21o_1)
     4    0.01                           _0929_ (net)
                  0.08    0.00    5.17 v _6384_/A2 (sky130_fd_sc_hd__a311oi_2)
                  0.25    0.31    5.47 ^ _6384_/Y (sky130_fd_sc_hd__a311oi_2)
     2    0.01                           _1108_ (net)
                  0.25    0.00    5.47 ^ _6477_/A1 (sky130_fd_sc_hd__o21ai_1)
                  0.10    0.16    5.63 v _6477_/Y (sky130_fd_sc_hd__o21ai_1)
     3    0.01                           _1210_ (net)
                  0.10    0.00    5.63 v _6559_/A1 (sky130_fd_sc_hd__a21oi_1)
                  0.22    0.23    5.87 ^ _6559_/Y (sky130_fd_sc_hd__a21oi_1)
     3    0.01                           _1299_ (net)
                  0.22    0.00    5.87 ^ _6650_/A1 (sky130_fd_sc_hd__o21ai_1)
                  0.11    0.16    6.03 v _6650_/Y (sky130_fd_sc_hd__o21ai_1)
     3    0.01                           _1398_ (net)
                  0.11    0.00    6.03 v _7067_/A2 (sky130_fd_sc_hd__a211o_1)
                  0.08    0.37    6.39 v _7067_/X (sky130_fd_sc_hd__a211o_1)
     2    0.01                           _1852_ (net)
                  0.08    0.00    6.39 v _7554_/A1 (sky130_fd_sc_hd__a311o_2)
                  0.09    0.40    6.79 v _7554_/X (sky130_fd_sc_hd__a311o_2)
     2    0.02                           _2384_ (net)
                  0.09    0.00    6.79 v _7676_/A2 (sky130_fd_sc_hd__a21oi_4)
                  0.25    0.29    7.08 ^ _7676_/Y (sky130_fd_sc_hd__a21oi_4)
     4    0.03                           _2518_ (net)
                  0.25    0.00    7.08 ^ _8023_/A2 (sky130_fd_sc_hd__o311ai_4)
                  0.12    0.17    7.25 v _8023_/Y (sky130_fd_sc_hd__o311ai_4)
     3    0.02                           _2895_ (net)
                  0.12    0.00    7.25 v _8127_/A2 (sky130_fd_sc_hd__a311oi_4)
                  0.36    0.42    7.67 ^ _8127_/Y (sky130_fd_sc_hd__a311oi_4)
     4    0.02                           _3009_ (net)
                  0.36    0.00    7.67 ^ _8428_/A2 (sky130_fd_sc_hd__o311ai_4)
                  0.10    0.15    7.82 v _8428_/Y (sky130_fd_sc_hd__o311ai_4)
     3    0.01                           _3336_ (net)
                  0.10    0.00    7.82 v _8650_/A1 (sky130_fd_sc_hd__a2111o_1)
                  0.11    0.46    8.28 v _8650_/X (sky130_fd_sc_hd__a2111o_1)
     3    0.01                           _3577_ (net)
                  0.11    0.00    8.28 v _8774_/A1 (sky130_fd_sc_hd__a22oi_4)
                  0.23    0.28    8.56 ^ _8774_/Y (sky130_fd_sc_hd__a22oi_4)
     4    0.02                           _3712_ (net)
                  0.23    0.00    8.56 ^ _8971_/A1 (sky130_fd_sc_hd__a31oi_4)
                  0.11    0.15    8.71 v _8971_/Y (sky130_fd_sc_hd__a31oi_4)
     3    0.01                           _3924_ (net)
                  0.11    0.00    8.71 v _9021_/A2 (sky130_fd_sc_hd__o41a_1)
                  0.11    0.51    9.22 v _9021_/X (sky130_fd_sc_hd__o41a_1)
     3    0.01                           _3976_ (net)
                  0.11    0.00    9.22 v _9048_/A2 (sky130_fd_sc_hd__o31ai_2)
                  0.27    0.31    9.53 ^ _9048_/Y (sky130_fd_sc_hd__o31ai_2)
     2    0.01                           _4004_ (net)
                  0.27    0.00    9.53 ^ _9049_/B (sky130_fd_sc_hd__xor2_1)
                  0.17    0.23    9.76 ^ _9049_/X (sky130_fd_sc_hd__xor2_1)
     1    0.01                           _0074_ (net)
                  0.17    0.00    9.76 ^ _9111_/D (sky130_fd_sc_hd__dfxtp_2)
                                  9.76   data arrival time

                  0.15   10.00   10.00   clock clk (rise edge)
                          0.00   10.00   clock network delay (ideal)
                         -0.25    9.75   clock uncertainty
                          0.00    9.75   clock reconvergence pessimism
                                  9.75 ^ _9111_/CLK (sky130_fd_sc_hd__dfxtp_2)
                         -0.07    9.68   library setup time
                                  9.68   data required time
-----------------------------------------------------------------------------
                                  9.68   data required time
                                 -9.76   data arrival time
-----------------------------------------------------------------------------
                                 -0.08   slack (VIOLATED)



===========================================================================
report_checks --slack_max -0.01
============================================================================
Startpoint: _9195_ (rising edge-triggered flip-flop clocked by clk)
Endpoint: _9111_ (rising edge-triggered flip-flop clocked by clk)
Path Group: clk
Path Type: max

Fanout     Cap    Slew   Delay    Time   Description
-----------------------------------------------------------------------------
                  0.15    0.00    0.00   clock clk (rise edge)
                          0.00    0.00   clock network delay (ideal)
                  0.15    0.00    0.00 ^ _9195_/CLK (sky130_fd_sc_hd__dfxtp_1)
                  0.18    0.46    0.46 ^ _9195_/Q (sky130_fd_sc_hd__dfxtp_1)
     2    0.02                           P1[34] (net)
                  0.18    0.00    0.46 ^ _5806_/A (sky130_fd_sc_hd__dlymetal6s2s_1)
                  0.21    0.26    0.72 ^ _5806_/X (sky130_fd_sc_hd__dlymetal6s2s_1)
     5    0.02                           _0522_ (net)
                  0.21    0.00    0.72 ^ _5852_/A (sky130_fd_sc_hd__buf_2)
                  0.16    0.25    0.97 ^ _5852_/X (sky130_fd_sc_hd__buf_2)
     5    0.03                           _0568_ (net)
                  0.16    0.00    0.97 ^ _5853_/A2 (sky130_fd_sc_hd__a22oi_2)
                  0.07    0.12    1.09 v _5853_/Y (sky130_fd_sc_hd__a22oi_2)
     3    0.01                           _0569_ (net)
                  0.07    0.00    1.09 v _5854_/C (sky130_fd_sc_hd__or3_1)
                  0.08    0.34    1.44 v _5854_/X (sky130_fd_sc_hd__or3_1)
     2    0.01                           _0570_ (net)
                  0.08    0.00    1.44 v _5859_/A1 (sky130_fd_sc_hd__a21o_1)
                  0.05    0.19    1.63 v _5859_/X (sky130_fd_sc_hd__a21o_1)
     2    0.01                           _0575_ (net)
                  0.05    0.00    1.63 v _5860_/B (sky130_fd_sc_hd__and2b_1)
                  0.06    0.19    1.82 v _5860_/X (sky130_fd_sc_hd__and2b_1)
     1    0.01                           _0576_ (net)
                  0.06    0.00    1.82 v _5861_/B (sky130_fd_sc_hd__xor2_2)
                  0.09    0.18    1.99 v _5861_/X (sky130_fd_sc_hd__xor2_2)
     2    0.01                           _0577_ (net)
                  0.09    0.00    2.00 v _5863_/A (sky130_fd_sc_hd__or3_1)
                  0.08    0.41    2.41 v _5863_/X (sky130_fd_sc_hd__or3_1)
     2    0.00                           _0579_ (net)
                  0.08    0.00    2.41 v _5898_/B (sky130_fd_sc_hd__and3b_1)
                  0.07    0.22    2.63 v _5898_/X (sky130_fd_sc_hd__and3b_1)
     2    0.01                           _0614_ (net)
                  0.07    0.00    2.63 v _5931_/A2 (sky130_fd_sc_hd__o211ai_4)
                  0.21    0.23    2.86 ^ _5931_/Y (sky130_fd_sc_hd__o211ai_4)
     5    0.02                           _0647_ (net)
                  0.21    0.00    2.86 ^ _5934_/C_N (sky130_fd_sc_hd__or4bb_2)
                  0.13    0.73    3.59 v _5934_/X (sky130_fd_sc_hd__or4bb_2)
     5    0.01                           _0650_ (net)
                  0.13    0.00    3.59 v _6047_/A (sky130_fd_sc_hd__or4_1)
                  0.09    0.59    4.17 v _6047_/X (sky130_fd_sc_hd__or4_1)
     2    0.00                           _0761_ (net)
                  0.09    0.00    4.17 v _6048_/A (sky130_fd_sc_hd__dlymetal6s2s_1)
                  0.09    0.21    4.39 v _6048_/X (sky130_fd_sc_hd__dlymetal6s2s_1)
     5    0.01                           _0762_ (net)
                  0.09    0.00    4.39 v _6049_/D (sky130_fd_sc_hd__and4bb_1)
                  0.06    0.24    4.63 v _6049_/X (sky130_fd_sc_hd__and4bb_1)
     2    0.01                           _0763_ (net)
                  0.06    0.00    4.63 v _6129_/D1 (sky130_fd_sc_hd__a2111o_1)
                  0.07    0.32    4.95 v _6129_/X (sky130_fd_sc_hd__a2111o_1)
     2    0.01                           _0841_ (net)
                  0.07    0.00    4.95 v _6217_/A1 (sky130_fd_sc_hd__a21o_1)
                  0.08    0.22    5.17 v _6217_/X (sky130_fd_sc_hd__a21o_1)
     4    0.01                           _0929_ (net)
                  0.08    0.00    5.17 v _6384_/A2 (sky130_fd_sc_hd__a311oi_2)
                  0.25    0.31    5.47 ^ _6384_/Y (sky130_fd_sc_hd__a311oi_2)
     2    0.01                           _1108_ (net)
                  0.25    0.00    5.47 ^ _6477_/A1 (sky130_fd_sc_hd__o21ai_1)
                  0.10    0.16    5.63 v _6477_/Y (sky130_fd_sc_hd__o21ai_1)
     3    0.01                           _1210_ (net)
                  0.10    0.00    5.63 v _6559_/A1 (sky130_fd_sc_hd__a21oi_1)
                  0.22    0.23    5.87 ^ _6559_/Y (sky130_fd_sc_hd__a21oi_1)
     3    0.01                           _1299_ (net)
                  0.22    0.00    5.87 ^ _6650_/A1 (sky130_fd_sc_hd__o21ai_1)
                  0.11    0.16    6.03 v _6650_/Y (sky130_fd_sc_hd__o21ai_1)
     3    0.01                           _1398_ (net)
                  0.11    0.00    6.03 v _7067_/A2 (sky130_fd_sc_hd__a211o_1)
                  0.08    0.37    6.39 v _7067_/X (sky130_fd_sc_hd__a211o_1)
     2    0.01                           _1852_ (net)
                  0.08    0.00    6.39 v _7554_/A1 (sky130_fd_sc_hd__a311o_2)
                  0.09    0.40    6.79 v _7554_/X (sky130_fd_sc_hd__a311o_2)
     2    0.02                           _2384_ (net)
                  0.09    0.00    6.79 v _7676_/A2 (sky130_fd_sc_hd__a21oi_4)
                  0.25    0.29    7.08 ^ _7676_/Y (sky130_fd_sc_hd__a21oi_4)
     4    0.03                           _2518_ (net)
                  0.25    0.00    7.08 ^ _8023_/A2 (sky130_fd_sc_hd__o311ai_4)
                  0.12    0.17    7.25 v _8023_/Y (sky130_fd_sc_hd__o311ai_4)
     3    0.02                           _2895_ (net)
                  0.12    0.00    7.25 v _8127_/A2 (sky130_fd_sc_hd__a311oi_4)
                  0.36    0.42    7.67 ^ _8127_/Y (sky130_fd_sc_hd__a311oi_4)
     4    0.02                           _3009_ (net)
                  0.36    0.00    7.67 ^ _8428_/A2 (sky130_fd_sc_hd__o311ai_4)
                  0.10    0.15    7.82 v _8428_/Y (sky130_fd_sc_hd__o311ai_4)
     3    0.01                           _3336_ (net)
                  0.10    0.00    7.82 v _8650_/A1 (sky130_fd_sc_hd__a2111o_1)
                  0.11    0.46    8.28 v _8650_/X (sky130_fd_sc_hd__a2111o_1)
     3    0.01                           _3577_ (net)
                  0.11    0.00    8.28 v _8774_/A1 (sky130_fd_sc_hd__a22oi_4)
                  0.23    0.28    8.56 ^ _8774_/Y (sky130_fd_sc_hd__a22oi_4)
     4    0.02                           _3712_ (net)
                  0.23    0.00    8.56 ^ _8971_/A1 (sky130_fd_sc_hd__a31oi_4)
                  0.11    0.15    8.71 v _8971_/Y (sky130_fd_sc_hd__a31oi_4)
     3    0.01                           _3924_ (net)
                  0.11    0.00    8.71 v _9021_/A2 (sky130_fd_sc_hd__o41a_1)
                  0.11    0.51    9.22 v _9021_/X (sky130_fd_sc_hd__o41a_1)
     3    0.01                           _3976_ (net)
                  0.11    0.00    9.22 v _9048_/A2 (sky130_fd_sc_hd__o31ai_2)
                  0.27    0.31    9.53 ^ _9048_/Y (sky130_fd_sc_hd__o31ai_2)
     2    0.01                           _4004_ (net)
                  0.27    0.00    9.53 ^ _9049_/B (sky130_fd_sc_hd__xor2_1)
                  0.17    0.23    9.76 ^ _9049_/X (sky130_fd_sc_hd__xor2_1)
     1    0.01                           _0074_ (net)
                  0.17    0.00    9.76 ^ _9111_/D (sky130_fd_sc_hd__dfxtp_2)
                                  9.76   data arrival time

                  0.15   10.00   10.00   clock clk (rise edge)
                          0.00   10.00   clock network delay (ideal)
                         -0.25    9.75   clock uncertainty
                          0.00    9.75   clock reconvergence pessimism
                                  9.75 ^ _9111_/CLK (sky130_fd_sc_hd__dfxtp_2)
                         -0.07    9.68   library setup time
                                  9.68   data required time
-----------------------------------------------------------------------------
                                  9.68   data required time
                                 -9.76   data arrival time
-----------------------------------------------------------------------------
                                 -0.08   slack (VIOLATED)


