
===========================================================================
report_checks -path_delay max (Setup)
============================================================================
Startpoint: _9195_ (rising edge-triggered flip-flop clocked by clk)
Endpoint: _9111_ (rising edge-triggered flip-flop clocked by clk)
Path Group: clk
Path Type: max

Fanout     Cap    Slew   Delay    Time   Description
-----------------------------------------------------------------------------
                          0.00    0.00   clock clk (rise edge)
                          0.00    0.00   clock source latency
                  0.21    0.16    0.16 ^ clk (in)
     1    0.05                           clk (net)
                  0.21    0.00    0.16 ^ clkbuf_0_clk/A (sky130_fd_sc_hd__clkbuf_16)
                  0.04    0.19    0.35 ^ clkbuf_0_clk/X (sky130_fd_sc_hd__clkbuf_16)
     2    0.02                           clknet_0_clk (net)
                  0.04    0.00    0.35 ^ clkbuf_1_1_0_clk/A (sky130_fd_sc_hd__clkbuf_2)
                  0.11    0.16    0.50 ^ clkbuf_1_1_0_clk/X (sky130_fd_sc_hd__clkbuf_2)
     2    0.02                           clknet_1_1_0_clk (net)
                  0.11    0.00    0.51 ^ clkbuf_2_2_0_clk/A (sky130_fd_sc_hd__clkbuf_2)
                  0.11    0.18    0.69 ^ clkbuf_2_2_0_clk/X (sky130_fd_sc_hd__clkbuf_2)
     2    0.02                           clknet_2_2_0_clk (net)
                  0.11    0.00    0.69 ^ clkbuf_3_5_0_clk/A (sky130_fd_sc_hd__clkbuf_2)
                  0.07    0.16    0.85 ^ clkbuf_3_5_0_clk/X (sky130_fd_sc_hd__clkbuf_2)
     2    0.01                           clknet_3_5_0_clk (net)
                  0.07    0.00    0.85 ^ clkbuf_4_10_0_clk/A (sky130_fd_sc_hd__clkbuf_2)
                  0.25    0.27    1.12 ^ clkbuf_4_10_0_clk/X (sky130_fd_sc_hd__clkbuf_2)
    13    0.05                           clknet_4_10_0_clk (net)
                  0.25    0.00    1.12 ^ _9195_/CLK (sky130_fd_sc_hd__dfxtp_1)
                  0.18    0.49    1.61 ^ _9195_/Q (sky130_fd_sc_hd__dfxtp_1)
     2    0.02                           P1[34] (net)
                  0.18    0.00    1.61 ^ _5806_/A (sky130_fd_sc_hd__dlymetal6s2s_1)
                  0.21    0.26    1.87 ^ _5806_/X (sky130_fd_sc_hd__dlymetal6s2s_1)
     5    0.02                           _0522_ (net)
                  0.21    0.00    1.87 ^ _5852_/A (sky130_fd_sc_hd__buf_2)
                  0.16    0.25    2.12 ^ _5852_/X (sky130_fd_sc_hd__buf_2)
     5    0.03                           _0568_ (net)
                  0.16    0.00    2.12 ^ _5853_/A2 (sky130_fd_sc_hd__a22oi_2)
                  0.07    0.12    2.24 v _5853_/Y (sky130_fd_sc_hd__a22oi_2)
     3    0.01                           _0569_ (net)
                  0.07    0.00    2.24 v _5854_/C (sky130_fd_sc_hd__or3_1)
                  0.08    0.34    2.59 v _5854_/X (sky130_fd_sc_hd__or3_1)
     2    0.01                           _0570_ (net)
                  0.08    0.00    2.59 v _5859_/A1 (sky130_fd_sc_hd__a21o_1)
                  0.05    0.19    2.78 v _5859_/X (sky130_fd_sc_hd__a21o_1)
     2    0.01                           _0575_ (net)
                  0.05    0.00    2.78 v _5860_/B (sky130_fd_sc_hd__and2b_1)
                  0.06    0.19    2.97 v _5860_/X (sky130_fd_sc_hd__and2b_1)
     1    0.01                           _0576_ (net)
                  0.06    0.00    2.97 v _5861_/B (sky130_fd_sc_hd__xor2_2)
                  0.09    0.18    3.14 v _5861_/X (sky130_fd_sc_hd__xor2_2)
     2    0.01                           _0577_ (net)
                  0.09    0.00    3.14 v _5863_/A (sky130_fd_sc_hd__or3_1)
                  0.08    0.41    3.56 v _5863_/X (sky130_fd_sc_hd__or3_1)
     2    0.00                           _0579_ (net)
                  0.08    0.00    3.56 v _5898_/B (sky130_fd_sc_hd__and3b_1)
                  0.07    0.22    3.78 v _5898_/X (sky130_fd_sc_hd__and3b_1)
     2    0.01                           _0614_ (net)
                  0.07    0.00    3.78 v _5931_/A2 (sky130_fd_sc_hd__o211ai_4)
                  0.21    0.23    4.01 ^ _5931_/Y (sky130_fd_sc_hd__o211ai_4)
     5    0.02                           _0647_ (net)
                  0.21    0.00    4.01 ^ _5934_/C_N (sky130_fd_sc_hd__or4bb_2)
                  0.13    0.73    4.74 v _5934_/X (sky130_fd_sc_hd__or4bb_2)
     5    0.01                           _0650_ (net)
                  0.13    0.00    4.74 v _6047_/A (sky130_fd_sc_hd__or4_1)
                  0.09    0.59    5.32 v _6047_/X (sky130_fd_sc_hd__or4_1)
     2    0.00                           _0761_ (net)
                  0.09    0.00    5.32 v _6048_/A (sky130_fd_sc_hd__dlymetal6s2s_1)
                  0.09    0.21    5.54 v _6048_/X (sky130_fd_sc_hd__dlymetal6s2s_1)
     5    0.01                           _0762_ (net)
                  0.09    0.00    5.54 v _6049_/D (sky130_fd_sc_hd__and4bb_1)
                  0.06    0.24    5.78 v _6049_/X (sky130_fd_sc_hd__and4bb_1)
     2    0.01                           _0763_ (net)
                  0.06    0.00    5.78 v _6129_/D1 (sky130_fd_sc_hd__a2111o_1)
                  0.07    0.32    6.10 v _6129_/X (sky130_fd_sc_hd__a2111o_1)
     2    0.01                           _0841_ (net)
                  0.07    0.00    6.10 v _6217_/A1 (sky130_fd_sc_hd__a21o_1)
                  0.08    0.22    6.32 v _6217_/X (sky130_fd_sc_hd__a21o_1)
     4    0.01                           _0929_ (net)
                  0.08    0.00    6.32 v _6384_/A2 (sky130_fd_sc_hd__a311oi_2)
                  0.25    0.31    6.62 ^ _6384_/Y (sky130_fd_sc_hd__a311oi_2)
     2    0.01                           _1108_ (net)
                  0.25    0.00    6.62 ^ _6477_/A1 (sky130_fd_sc_hd__o21ai_1)
                  0.10    0.16    6.78 v _6477_/Y (sky130_fd_sc_hd__o21ai_1)
     3    0.01                           _1210_ (net)
                  0.10    0.00    6.78 v _6559_/A1 (sky130_fd_sc_hd__a21oi_1)
                  0.22    0.23    7.01 ^ _6559_/Y (sky130_fd_sc_hd__a21oi_1)
     3    0.01                           _1299_ (net)
                  0.22    0.00    7.01 ^ _6650_/A1 (sky130_fd_sc_hd__o21ai_1)
                  0.11    0.16    7.17 v _6650_/Y (sky130_fd_sc_hd__o21ai_1)
     3    0.01                           _1398_ (net)
                  0.11    0.00    7.17 v _7067_/A2 (sky130_fd_sc_hd__a211o_1)
                  0.08    0.37    7.54 v _7067_/X (sky130_fd_sc_hd__a211o_1)
     2    0.01                           _1852_ (net)
                  0.08    0.00    7.54 v _7554_/A1 (sky130_fd_sc_hd__a311o_2)
                  0.09    0.40    7.94 v _7554_/X (sky130_fd_sc_hd__a311o_2)
     2    0.02                           _2384_ (net)
                  0.09    0.00    7.94 v _7676_/A2 (sky130_fd_sc_hd__a21oi_4)
                  0.25    0.29    8.23 ^ _7676_/Y (sky130_fd_sc_hd__a21oi_4)
     4    0.03                           _2518_ (net)
                  0.25    0.00    8.23 ^ _8023_/A2 (sky130_fd_sc_hd__o311ai_4)
                  0.12    0.17    8.39 v _8023_/Y (sky130_fd_sc_hd__o311ai_4)
     3    0.02                           _2895_ (net)
                  0.12    0.00    8.39 v _8127_/A2 (sky130_fd_sc_hd__a311oi_4)
                  0.36    0.42    8.82 ^ _8127_/Y (sky130_fd_sc_hd__a311oi_4)
     4    0.02                           _3009_ (net)
                  0.36    0.00    8.82 ^ _8428_/A2 (sky130_fd_sc_hd__o311ai_4)
                  0.10    0.15    8.97 v _8428_/Y (sky130_fd_sc_hd__o311ai_4)
     3    0.01                           _3336_ (net)
                  0.10    0.00    8.97 v _8650_/A1 (sky130_fd_sc_hd__a2111o_1)
                  0.11    0.46    9.43 v _8650_/X (sky130_fd_sc_hd__a2111o_1)
     3    0.01                           _3577_ (net)
                  0.11    0.00    9.43 v _8774_/A1 (sky130_fd_sc_hd__a22oi_4)
                  0.23    0.28    9.71 ^ _8774_/Y (sky130_fd_sc_hd__a22oi_4)
     4    0.02                           _3712_ (net)
                  0.23    0.00    9.71 ^ _8971_/A1 (sky130_fd_sc_hd__a31oi_4)
                  0.11    0.15    9.86 v _8971_/Y (sky130_fd_sc_hd__a31oi_4)
     3    0.01                           _3924_ (net)
                  0.11    0.00    9.86 v _9021_/A2 (sky130_fd_sc_hd__o41a_1)
                  0.11    0.51   10.36 v _9021_/X (sky130_fd_sc_hd__o41a_1)
     3    0.01                           _3976_ (net)
                  0.11    0.00   10.36 v _9048_/A2 (sky130_fd_sc_hd__o31ai_2)
                  0.27    0.31   10.68 ^ _9048_/Y (sky130_fd_sc_hd__o31ai_2)
     2    0.01                           _4004_ (net)
                  0.27    0.00   10.68 ^ _9049_/B (sky130_fd_sc_hd__xor2_1)
                  0.17    0.23   10.91 ^ _9049_/X (sky130_fd_sc_hd__xor2_1)
     1    0.01                           _0074_ (net)
                  0.17    0.00   10.91 ^ _9111_/D (sky130_fd_sc_hd__dfxtp_2)
                                 10.91   data arrival time

                         11.00   11.00   clock clk (rise edge)
                          0.00   11.00   clock source latency
                  0.21    0.14   11.14 ^ clk (in)
     1    0.05                           clk (net)
                  0.21    0.00   11.14 ^ clkbuf_0_clk/A (sky130_fd_sc_hd__clkbuf_16)
                  0.04    0.17   11.31 ^ clkbuf_0_clk/X (sky130_fd_sc_hd__clkbuf_16)
     2    0.02                           clknet_0_clk (net)
                  0.04    0.00   11.31 ^ clkbuf_1_0_0_clk/A (sky130_fd_sc_hd__clkbuf_2)
                  0.12    0.15   11.46 ^ clkbuf_1_0_0_clk/X (sky130_fd_sc_hd__clkbuf_2)
     2    0.02                           clknet_1_0_0_clk (net)
                  0.12    0.00   11.46 ^ clkbuf_2_0_0_clk/A (sky130_fd_sc_hd__clkbuf_2)
                  0.10    0.16   11.63 ^ clkbuf_2_0_0_clk/X (sky130_fd_sc_hd__clkbuf_2)
     2    0.02                           clknet_2_0_0_clk (net)
                  0.10    0.00   11.63 ^ clkbuf_3_0_0_clk/A (sky130_fd_sc_hd__clkbuf_2)
                  0.07    0.14   11.77 ^ clkbuf_3_0_0_clk/X (sky130_fd_sc_hd__clkbuf_2)
     2    0.01                           clknet_3_0_0_clk (net)
                  0.07    0.00   11.77 ^ clkbuf_4_1_0_clk/A (sky130_fd_sc_hd__clkbuf_2)
                  0.26    0.25   12.02 ^ clkbuf_4_1_0_clk/X (sky130_fd_sc_hd__clkbuf_2)
    15    0.05                           clknet_4_1_0_clk (net)
                  0.26    0.00   12.02 ^ _9111_/CLK (sky130_fd_sc_hd__dfxtp_2)
                         -0.25   11.77   clock uncertainty
                          0.03   11.80   clock reconvergence pessimism
                         -0.06   11.74   library setup time
                                 11.74   data required time
-----------------------------------------------------------------------------
                                 11.74   data required time
                                -10.91   data arrival time
-----------------------------------------------------------------------------
                                  0.83   slack (MET)


Startpoint: _9195_ (rising edge-triggered flip-flop clocked by clk)
Endpoint: _9112_ (rising edge-triggered flip-flop clocked by clk)
Path Group: clk
Path Type: max

Fanout     Cap    Slew   Delay    Time   Description
-----------------------------------------------------------------------------
                          0.00    0.00   clock clk (rise edge)
                          0.00    0.00   clock source latency
                  0.21    0.16    0.16 ^ clk (in)
     1    0.05                           clk (net)
                  0.21    0.00    0.16 ^ clkbuf_0_clk/A (sky130_fd_sc_hd__clkbuf_16)
                  0.04    0.19    0.35 ^ clkbuf_0_clk/X (sky130_fd_sc_hd__clkbuf_16)
     2    0.02                           clknet_0_clk (net)
                  0.04    0.00    0.35 ^ clkbuf_1_1_0_clk/A (sky130_fd_sc_hd__clkbuf_2)
                  0.11    0.16    0.50 ^ clkbuf_1_1_0_clk/X (sky130_fd_sc_hd__clkbuf_2)
     2    0.02                           clknet_1_1_0_clk (net)
                  0.11    0.00    0.51 ^ clkbuf_2_2_0_clk/A (sky130_fd_sc_hd__clkbuf_2)
                  0.11    0.18    0.69 ^ clkbuf_2_2_0_clk/X (sky130_fd_sc_hd__clkbuf_2)
     2    0.02                           clknet_2_2_0_clk (net)
                  0.11    0.00    0.69 ^ clkbuf_3_5_0_clk/A (sky130_fd_sc_hd__clkbuf_2)
                  0.07    0.16    0.85 ^ clkbuf_3_5_0_clk/X (sky130_fd_sc_hd__clkbuf_2)
     2    0.01                           clknet_3_5_0_clk (net)
                  0.07    0.00    0.85 ^ clkbuf_4_10_0_clk/A (sky130_fd_sc_hd__clkbuf_2)
                  0.25    0.27    1.12 ^ clkbuf_4_10_0_clk/X (sky130_fd_sc_hd__clkbuf_2)
    13    0.05                           clknet_4_10_0_clk (net)
                  0.25    0.00    1.12 ^ _9195_/CLK (sky130_fd_sc_hd__dfxtp_1)
                  0.18    0.49    1.61 ^ _9195_/Q (sky130_fd_sc_hd__dfxtp_1)
     2    0.02                           P1[34] (net)
                  0.18    0.00    1.61 ^ _5806_/A (sky130_fd_sc_hd__dlymetal6s2s_1)
                  0.21    0.26    1.87 ^ _5806_/X (sky130_fd_sc_hd__dlymetal6s2s_1)
     5    0.02                           _0522_ (net)
                  0.21    0.00    1.87 ^ _5852_/A (sky130_fd_sc_hd__buf_2)
                  0.16    0.25    2.12 ^ _5852_/X (sky130_fd_sc_hd__buf_2)
     5    0.03                           _0568_ (net)
                  0.16    0.00    2.12 ^ _5853_/A2 (sky130_fd_sc_hd__a22oi_2)
                  0.07    0.12    2.24 v _5853_/Y (sky130_fd_sc_hd__a22oi_2)
     3    0.01                           _0569_ (net)
                  0.07    0.00    2.24 v _5854_/C (sky130_fd_sc_hd__or3_1)
                  0.08    0.34    2.59 v _5854_/X (sky130_fd_sc_hd__or3_1)
     2    0.01                           _0570_ (net)
                  0.08    0.00    2.59 v _5859_/A1 (sky130_fd_sc_hd__a21o_1)
                  0.05    0.19    2.78 v _5859_/X (sky130_fd_sc_hd__a21o_1)
     2    0.01                           _0575_ (net)
                  0.05    0.00    2.78 v _5860_/B (sky130_fd_sc_hd__and2b_1)
                  0.06    0.19    2.97 v _5860_/X (sky130_fd_sc_hd__and2b_1)
     1    0.01                           _0576_ (net)
                  0.06    0.00    2.97 v _5861_/B (sky130_fd_sc_hd__xor2_2)
                  0.09    0.18    3.14 v _5861_/X (sky130_fd_sc_hd__xor2_2)
     2    0.01                           _0577_ (net)
                  0.09    0.00    3.14 v _5863_/A (sky130_fd_sc_hd__or3_1)
                  0.08    0.41    3.56 v _5863_/X (sky130_fd_sc_hd__or3_1)
     2    0.00                           _0579_ (net)
                  0.08    0.00    3.56 v _5898_/B (sky130_fd_sc_hd__and3b_1)
                  0.07    0.22    3.78 v _5898_/X (sky130_fd_sc_hd__and3b_1)
     2    0.01                           _0614_ (net)
                  0.07    0.00    3.78 v _5931_/A2 (sky130_fd_sc_hd__o211ai_4)
                  0.21    0.23    4.01 ^ _5931_/Y (sky130_fd_sc_hd__o211ai_4)
     5    0.02                           _0647_ (net)
                  0.21    0.00    4.01 ^ _5934_/C_N (sky130_fd_sc_hd__or4bb_2)
                  0.13    0.73    4.74 v _5934_/X (sky130_fd_sc_hd__or4bb_2)
     5    0.01                           _0650_ (net)
                  0.13    0.00    4.74 v _6047_/A (sky130_fd_sc_hd__or4_1)
                  0.09    0.59    5.32 v _6047_/X (sky130_fd_sc_hd__or4_1)
     2    0.00                           _0761_ (net)
                  0.09    0.00    5.32 v _6048_/A (sky130_fd_sc_hd__dlymetal6s2s_1)
                  0.09    0.21    5.54 v _6048_/X (sky130_fd_sc_hd__dlymetal6s2s_1)
     5    0.01                           _0762_ (net)
                  0.09    0.00    5.54 v _6049_/D (sky130_fd_sc_hd__and4bb_1)
                  0.06    0.24    5.78 v _6049_/X (sky130_fd_sc_hd__and4bb_1)
     2    0.01                           _0763_ (net)
                  0.06    0.00    5.78 v _6129_/D1 (sky130_fd_sc_hd__a2111o_1)
                  0.07    0.32    6.10 v _6129_/X (sky130_fd_sc_hd__a2111o_1)
     2    0.01                           _0841_ (net)
                  0.07    0.00    6.10 v _6217_/A1 (sky130_fd_sc_hd__a21o_1)
                  0.08    0.22    6.32 v _6217_/X (sky130_fd_sc_hd__a21o_1)
     4    0.01                           _0929_ (net)
                  0.08    0.00    6.32 v _6384_/A2 (sky130_fd_sc_hd__a311oi_2)
                  0.25    0.31    6.62 ^ _6384_/Y (sky130_fd_sc_hd__a311oi_2)
     2    0.01                           _1108_ (net)
                  0.25    0.00    6.62 ^ _6477_/A1 (sky130_fd_sc_hd__o21ai_1)
                  0.10    0.16    6.78 v _6477_/Y (sky130_fd_sc_hd__o21ai_1)
     3    0.01                           _1210_ (net)
                  0.10    0.00    6.78 v _6559_/A1 (sky130_fd_sc_hd__a21oi_1)
                  0.22    0.23    7.01 ^ _6559_/Y (sky130_fd_sc_hd__a21oi_1)
     3    0.01                           _1299_ (net)
                  0.22    0.00    7.01 ^ _6650_/A1 (sky130_fd_sc_hd__o21ai_1)
                  0.11    0.16    7.17 v _6650_/Y (sky130_fd_sc_hd__o21ai_1)
     3    0.01                           _1398_ (net)
                  0.11    0.00    7.17 v _7067_/A2 (sky130_fd_sc_hd__a211o_1)
                  0.08    0.37    7.54 v _7067_/X (sky130_fd_sc_hd__a211o_1)
     2    0.01                           _1852_ (net)
                  0.08    0.00    7.54 v _7554_/A1 (sky130_fd_sc_hd__a311o_2)
                  0.09    0.40    7.94 v _7554_/X (sky130_fd_sc_hd__a311o_2)
     2    0.02                           _2384_ (net)
                  0.09    0.00    7.94 v _7676_/A2 (sky130_fd_sc_hd__a21oi_4)
                  0.25    0.29    8.23 ^ _7676_/Y (sky130_fd_sc_hd__a21oi_4)
     4    0.03                           _2518_ (net)
                  0.25    0.00    8.23 ^ _8023_/A2 (sky130_fd_sc_hd__o311ai_4)
                  0.12    0.17    8.39 v _8023_/Y (sky130_fd_sc_hd__o311ai_4)
     3    0.02                           _2895_ (net)
                  0.12    0.00    8.39 v _8127_/A2 (sky130_fd_sc_hd__a311oi_4)
                  0.36    0.42    8.82 ^ _8127_/Y (sky130_fd_sc_hd__a311oi_4)
     4    0.02                           _3009_ (net)
                  0.36    0.00    8.82 ^ _8428_/A2 (sky130_fd_sc_hd__o311ai_4)
                  0.10    0.15    8.97 v _8428_/Y (sky130_fd_sc_hd__o311ai_4)
     3    0.01                           _3336_ (net)
                  0.10    0.00    8.97 v _8650_/A1 (sky130_fd_sc_hd__a2111o_1)
                  0.11    0.46    9.43 v _8650_/X (sky130_fd_sc_hd__a2111o_1)
     3    0.01                           _3577_ (net)
                  0.11    0.00    9.43 v _8774_/A1 (sky130_fd_sc_hd__a22oi_4)
                  0.23    0.28    9.71 ^ _8774_/Y (sky130_fd_sc_hd__a22oi_4)
     4    0.02                           _3712_ (net)
                  0.23    0.00    9.71 ^ _8971_/A1 (sky130_fd_sc_hd__a31oi_4)
                  0.11    0.15    9.86 v _8971_/Y (sky130_fd_sc_hd__a31oi_4)
     3    0.01                           _3924_ (net)
                  0.11    0.00    9.86 v _9021_/A2 (sky130_fd_sc_hd__o41a_1)
                  0.11    0.51   10.36 v _9021_/X (sky130_fd_sc_hd__o41a_1)
     3    0.01                           _3976_ (net)
                  0.11    0.00   10.36 v _9048_/A2 (sky130_fd_sc_hd__o31ai_2)
                  0.27    0.31   10.68 ^ _9048_/Y (sky130_fd_sc_hd__o31ai_2)
     2    0.01                           _4004_ (net)
                  0.27    0.00   10.68 ^ _9051_/A2 (sky130_fd_sc_hd__a21bo_1)
                  0.05    0.17   10.85 ^ _9051_/X (sky130_fd_sc_hd__a21bo_1)
     1    0.00                           _0075_ (net)
                  0.05    0.00   10.85 ^ _9112_/D (sky130_fd_sc_hd__dfxtp_2)
                                 10.85   data arrival time

                         11.00   11.00   clock clk (rise edge)
                          0.00   11.00   clock source latency
                  0.21    0.14   11.14 ^ clk (in)
     1    0.05                           clk (net)
                  0.21    0.00   11.14 ^ clkbuf_0_clk/A (sky130_fd_sc_hd__clkbuf_16)
                  0.04    0.17   11.31 ^ clkbuf_0_clk/X (sky130_fd_sc_hd__clkbuf_16)
     2    0.02                           clknet_0_clk (net)
                  0.04    0.00   11.31 ^ clkbuf_1_0_0_clk/A (sky130_fd_sc_hd__clkbuf_2)
                  0.12    0.15   11.46 ^ clkbuf_1_0_0_clk/X (sky130_fd_sc_hd__clkbuf_2)
     2    0.02                           clknet_1_0_0_clk (net)
                  0.12    0.00   11.46 ^ clkbuf_2_0_0_clk/A (sky130_fd_sc_hd__clkbuf_2)
                  0.10    0.16   11.63 ^ clkbuf_2_0_0_clk/X (sky130_fd_sc_hd__clkbuf_2)
     2    0.02                           clknet_2_0_0_clk (net)
                  0.10    0.00   11.63 ^ clkbuf_3_0_0_clk/A (sky130_fd_sc_hd__clkbuf_2)
                  0.07    0.14   11.77 ^ clkbuf_3_0_0_clk/X (sky130_fd_sc_hd__clkbuf_2)
     2    0.01                           clknet_3_0_0_clk (net)
                  0.07    0.00   11.77 ^ clkbuf_4_1_0_clk/A (sky130_fd_sc_hd__clkbuf_2)
                  0.26    0.25   12.02 ^ clkbuf_4_1_0_clk/X (sky130_fd_sc_hd__clkbuf_2)
    15    0.05                           clknet_4_1_0_clk (net)
                  0.26    0.00   12.02 ^ _9112_/CLK (sky130_fd_sc_hd__dfxtp_2)
                         -0.25   11.77   clock uncertainty
                          0.03   11.80   clock reconvergence pessimism
                         -0.03   11.77   library setup time
                                 11.77   data required time
-----------------------------------------------------------------------------
                                 11.77   data required time
                                -10.85   data arrival time
-----------------------------------------------------------------------------
                                  0.92   slack (MET)


Startpoint: _9195_ (rising edge-triggered flip-flop clocked by clk)
Endpoint: _9110_ (rising edge-triggered flip-flop clocked by clk)
Path Group: clk
Path Type: max

Fanout     Cap    Slew   Delay    Time   Description
-----------------------------------------------------------------------------
                          0.00    0.00   clock clk (rise edge)
                          0.00    0.00   clock source latency
                  0.21    0.16    0.16 ^ clk (in)
     1    0.05                           clk (net)
                  0.21    0.00    0.16 ^ clkbuf_0_clk/A (sky130_fd_sc_hd__clkbuf_16)
                  0.04    0.19    0.35 ^ clkbuf_0_clk/X (sky130_fd_sc_hd__clkbuf_16)
     2    0.02                           clknet_0_clk (net)
                  0.04    0.00    0.35 ^ clkbuf_1_1_0_clk/A (sky130_fd_sc_hd__clkbuf_2)
                  0.11    0.16    0.50 ^ clkbuf_1_1_0_clk/X (sky130_fd_sc_hd__clkbuf_2)
     2    0.02                           clknet_1_1_0_clk (net)
                  0.11    0.00    0.51 ^ clkbuf_2_2_0_clk/A (sky130_fd_sc_hd__clkbuf_2)
                  0.11    0.18    0.69 ^ clkbuf_2_2_0_clk/X (sky130_fd_sc_hd__clkbuf_2)
     2    0.02                           clknet_2_2_0_clk (net)
                  0.11    0.00    0.69 ^ clkbuf_3_5_0_clk/A (sky130_fd_sc_hd__clkbuf_2)
                  0.07    0.16    0.85 ^ clkbuf_3_5_0_clk/X (sky130_fd_sc_hd__clkbuf_2)
     2    0.01                           clknet_3_5_0_clk (net)
                  0.07    0.00    0.85 ^ clkbuf_4_10_0_clk/A (sky130_fd_sc_hd__clkbuf_2)
                  0.25    0.27    1.12 ^ clkbuf_4_10_0_clk/X (sky130_fd_sc_hd__clkbuf_2)
    13    0.05                           clknet_4_10_0_clk (net)
                  0.25    0.00    1.12 ^ _9195_/CLK (sky130_fd_sc_hd__dfxtp_1)
                  0.18    0.49    1.61 ^ _9195_/Q (sky130_fd_sc_hd__dfxtp_1)
     2    0.02                           P1[34] (net)
                  0.18    0.00    1.61 ^ _5806_/A (sky130_fd_sc_hd__dlymetal6s2s_1)
                  0.21    0.26    1.87 ^ _5806_/X (sky130_fd_sc_hd__dlymetal6s2s_1)
     5    0.02                           _0522_ (net)
                  0.21    0.00    1.87 ^ _5852_/A (sky130_fd_sc_hd__buf_2)
                  0.16    0.25    2.12 ^ _5852_/X (sky130_fd_sc_hd__buf_2)
     5    0.03                           _0568_ (net)
                  0.16    0.00    2.12 ^ _5853_/A2 (sky130_fd_sc_hd__a22oi_2)
                  0.07    0.12    2.24 v _5853_/Y (sky130_fd_sc_hd__a22oi_2)
     3    0.01                           _0569_ (net)
                  0.07    0.00    2.24 v _5854_/C (sky130_fd_sc_hd__or3_1)
                  0.08    0.34    2.59 v _5854_/X (sky130_fd_sc_hd__or3_1)
     2    0.01                           _0570_ (net)
                  0.08    0.00    2.59 v _5859_/A1 (sky130_fd_sc_hd__a21o_1)
                  0.05    0.19    2.78 v _5859_/X (sky130_fd_sc_hd__a21o_1)
     2    0.01                           _0575_ (net)
                  0.05    0.00    2.78 v _5860_/B (sky130_fd_sc_hd__and2b_1)
                  0.06    0.19    2.97 v _5860_/X (sky130_fd_sc_hd__and2b_1)
     1    0.01                           _0576_ (net)
                  0.06    0.00    2.97 v _5861_/B (sky130_fd_sc_hd__xor2_2)
                  0.09    0.18    3.14 v _5861_/X (sky130_fd_sc_hd__xor2_2)
     2    0.01                           _0577_ (net)
                  0.09    0.00    3.14 v _5863_/A (sky130_fd_sc_hd__or3_1)
                  0.08    0.41    3.56 v _5863_/X (sky130_fd_sc_hd__or3_1)
     2    0.00                           _0579_ (net)
                  0.08    0.00    3.56 v _5898_/B (sky130_fd_sc_hd__and3b_1)
                  0.07    0.22    3.78 v _5898_/X (sky130_fd_sc_hd__and3b_1)
     2    0.01                           _0614_ (net)
                  0.07    0.00    3.78 v _5931_/A2 (sky130_fd_sc_hd__o211ai_4)
                  0.21    0.23    4.01 ^ _5931_/Y (sky130_fd_sc_hd__o211ai_4)
     5    0.02                           _0647_ (net)
                  0.21    0.00    4.01 ^ _5934_/C_N (sky130_fd_sc_hd__or4bb_2)
                  0.13    0.73    4.74 v _5934_/X (sky130_fd_sc_hd__or4bb_2)
     5    0.01                           _0650_ (net)
                  0.13    0.00    4.74 v _6047_/A (sky130_fd_sc_hd__or4_1)
                  0.09    0.59    5.32 v _6047_/X (sky130_fd_sc_hd__or4_1)
     2    0.00                           _0761_ (net)
                  0.09    0.00    5.32 v _6048_/A (sky130_fd_sc_hd__dlymetal6s2s_1)
                  0.09    0.21    5.54 v _6048_/X (sky130_fd_sc_hd__dlymetal6s2s_1)
     5    0.01                           _0762_ (net)
                  0.09    0.00    5.54 v _6049_/D (sky130_fd_sc_hd__and4bb_1)
                  0.06    0.24    5.78 v _6049_/X (sky130_fd_sc_hd__and4bb_1)
     2    0.01                           _0763_ (net)
                  0.06    0.00    5.78 v _6129_/D1 (sky130_fd_sc_hd__a2111o_1)
                  0.07    0.32    6.10 v _6129_/X (sky130_fd_sc_hd__a2111o_1)
     2    0.01                           _0841_ (net)
                  0.07    0.00    6.10 v _6217_/A1 (sky130_fd_sc_hd__a21o_1)
                  0.08    0.22    6.32 v _6217_/X (sky130_fd_sc_hd__a21o_1)
     4    0.01                           _0929_ (net)
                  0.08    0.00    6.32 v _6384_/A2 (sky130_fd_sc_hd__a311oi_2)
                  0.25    0.31    6.62 ^ _6384_/Y (sky130_fd_sc_hd__a311oi_2)
     2    0.01                           _1108_ (net)
                  0.25    0.00    6.62 ^ _6477_/A1 (sky130_fd_sc_hd__o21ai_1)
                  0.10    0.16    6.78 v _6477_/Y (sky130_fd_sc_hd__o21ai_1)
     3    0.01                           _1210_ (net)
                  0.10    0.00    6.78 v _6559_/A1 (sky130_fd_sc_hd__a21oi_1)
                  0.22    0.23    7.01 ^ _6559_/Y (sky130_fd_sc_hd__a21oi_1)
     3    0.01                           _1299_ (net)
                  0.22    0.00    7.01 ^ _6650_/A1 (sky130_fd_sc_hd__o21ai_1)
                  0.11    0.16    7.17 v _6650_/Y (sky130_fd_sc_hd__o21ai_1)
     3    0.01                           _1398_ (net)
                  0.11    0.00    7.17 v _7067_/A2 (sky130_fd_sc_hd__a211o_1)
                  0.08    0.37    7.54 v _7067_/X (sky130_fd_sc_hd__a211o_1)
     2    0.01                           _1852_ (net)
                  0.08    0.00    7.54 v _7554_/A1 (sky130_fd_sc_hd__a311o_2)
                  0.09    0.40    7.94 v _7554_/X (sky130_fd_sc_hd__a311o_2)
     2    0.02                           _2384_ (net)
                  0.09    0.00    7.94 v _7676_/A2 (sky130_fd_sc_hd__a21oi_4)
                  0.25    0.29    8.23 ^ _7676_/Y (sky130_fd_sc_hd__a21oi_4)
     4    0.03                           _2518_ (net)
                  0.25    0.00    8.23 ^ _8023_/A2 (sky130_fd_sc_hd__o311ai_4)
                  0.12    0.17    8.39 v _8023_/Y (sky130_fd_sc_hd__o311ai_4)
     3    0.02                           _2895_ (net)
                  0.12    0.00    8.39 v _8127_/A2 (sky130_fd_sc_hd__a311oi_4)
                  0.36    0.42    8.82 ^ _8127_/Y (sky130_fd_sc_hd__a311oi_4)
     4    0.02                           _3009_ (net)
                  0.36    0.00    8.82 ^ _8428_/A2 (sky130_fd_sc_hd__o311ai_4)
                  0.10    0.15    8.97 v _8428_/Y (sky130_fd_sc_hd__o311ai_4)
     3    0.01                           _3336_ (net)
                  0.10    0.00    8.97 v _8650_/A1 (sky130_fd_sc_hd__a2111o_1)
                  0.11    0.46    9.43 v _8650_/X (sky130_fd_sc_hd__a2111o_1)
     3    0.01                           _3577_ (net)
                  0.11    0.00    9.43 v _8774_/A1 (sky130_fd_sc_hd__a22oi_4)
                  0.23    0.28    9.71 ^ _8774_/Y (sky130_fd_sc_hd__a22oi_4)
     4    0.02                           _3712_ (net)
                  0.23    0.00    9.71 ^ _8971_/A1 (sky130_fd_sc_hd__a31oi_4)
                  0.11    0.15    9.86 v _8971_/Y (sky130_fd_sc_hd__a31oi_4)
     3    0.01                           _3924_ (net)
                  0.11    0.00    9.86 v _9021_/A2 (sky130_fd_sc_hd__o41a_1)
                  0.11    0.51   10.36 v _9021_/X (sky130_fd_sc_hd__o41a_1)
     3    0.01                           _3976_ (net)
                  0.11    0.00   10.36 v _9039_/A2 (sky130_fd_sc_hd__o21ai_1)
                  0.15    0.18   10.55 ^ _9039_/Y (sky130_fd_sc_hd__o21ai_1)
     1    0.01                           _3995_ (net)
                  0.15    0.00   10.55 ^ _9040_/B (sky130_fd_sc_hd__xnor2_1)
                  0.20    0.18   10.72 ^ _9040_/Y (sky130_fd_sc_hd__xnor2_1)
     1    0.01                           _0073_ (net)
                  0.20    0.00   10.72 ^ _9110_/D (sky130_fd_sc_hd__dfxtp_1)
                                 10.72   data arrival time

                         11.00   11.00   clock clk (rise edge)
                          0.00   11.00   clock source latency
                  0.21    0.14   11.14 ^ clk (in)
     1    0.05                           clk (net)
                  0.21    0.00   11.14 ^ clkbuf_0_clk/A (sky130_fd_sc_hd__clkbuf_16)
                  0.04    0.17   11.31 ^ clkbuf_0_clk/X (sky130_fd_sc_hd__clkbuf_16)
     2    0.02                           clknet_0_clk (net)
                  0.04    0.00   11.31 ^ clkbuf_1_0_0_clk/A (sky130_fd_sc_hd__clkbuf_2)
                  0.12    0.15   11.46 ^ clkbuf_1_0_0_clk/X (sky130_fd_sc_hd__clkbuf_2)
     2    0.02                           clknet_1_0_0_clk (net)
                  0.12    0.00   11.46 ^ clkbuf_2_0_0_clk/A (sky130_fd_sc_hd__clkbuf_2)
                  0.10    0.16   11.63 ^ clkbuf_2_0_0_clk/X (sky130_fd_sc_hd__clkbuf_2)
     2    0.02                           clknet_2_0_0_clk (net)
                  0.10    0.00   11.63 ^ clkbuf_3_0_0_clk/A (sky130_fd_sc_hd__clkbuf_2)
                  0.07    0.14   11.77 ^ clkbuf_3_0_0_clk/X (sky130_fd_sc_hd__clkbuf_2)
     2    0.01                           clknet_3_0_0_clk (net)
                  0.07    0.00   11.77 ^ clkbuf_4_1_0_clk/A (sky130_fd_sc_hd__clkbuf_2)
                  0.26    0.25   12.02 ^ clkbuf_4_1_0_clk/X (sky130_fd_sc_hd__clkbuf_2)
    15    0.05                           clknet_4_1_0_clk (net)
                  0.26    0.00   12.02 ^ _9110_/CLK (sky130_fd_sc_hd__dfxtp_1)
                         -0.25   11.77   clock uncertainty
                          0.03   11.80   clock reconvergence pessimism
                         -0.06   11.74   library setup time
                                 11.74   data required time
-----------------------------------------------------------------------------
                                 11.74   data required time
                                -10.72   data arrival time
-----------------------------------------------------------------------------
                                  1.02   slack (MET)


Startpoint: _9195_ (rising edge-triggered flip-flop clocked by clk)
Endpoint: _9109_ (rising edge-triggered flip-flop clocked by clk)
Path Group: clk
Path Type: max

Fanout     Cap    Slew   Delay    Time   Description
-----------------------------------------------------------------------------
                          0.00    0.00   clock clk (rise edge)
                          0.00    0.00   clock source latency
                  0.21    0.16    0.16 ^ clk (in)
     1    0.05                           clk (net)
                  0.21    0.00    0.16 ^ clkbuf_0_clk/A (sky130_fd_sc_hd__clkbuf_16)
                  0.04    0.19    0.35 ^ clkbuf_0_clk/X (sky130_fd_sc_hd__clkbuf_16)
     2    0.02                           clknet_0_clk (net)
                  0.04    0.00    0.35 ^ clkbuf_1_1_0_clk/A (sky130_fd_sc_hd__clkbuf_2)
                  0.11    0.16    0.50 ^ clkbuf_1_1_0_clk/X (sky130_fd_sc_hd__clkbuf_2)
     2    0.02                           clknet_1_1_0_clk (net)
                  0.11    0.00    0.51 ^ clkbuf_2_2_0_clk/A (sky130_fd_sc_hd__clkbuf_2)
                  0.11    0.18    0.69 ^ clkbuf_2_2_0_clk/X (sky130_fd_sc_hd__clkbuf_2)
     2    0.02                           clknet_2_2_0_clk (net)
                  0.11    0.00    0.69 ^ clkbuf_3_5_0_clk/A (sky130_fd_sc_hd__clkbuf_2)
                  0.07    0.16    0.85 ^ clkbuf_3_5_0_clk/X (sky130_fd_sc_hd__clkbuf_2)
     2    0.01                           clknet_3_5_0_clk (net)
                  0.07    0.00    0.85 ^ clkbuf_4_10_0_clk/A (sky130_fd_sc_hd__clkbuf_2)
                  0.25    0.27    1.12 ^ clkbuf_4_10_0_clk/X (sky130_fd_sc_hd__clkbuf_2)
    13    0.05                           clknet_4_10_0_clk (net)
                  0.25    0.00    1.12 ^ _9195_/CLK (sky130_fd_sc_hd__dfxtp_1)
                  0.18    0.49    1.61 ^ _9195_/Q (sky130_fd_sc_hd__dfxtp_1)
     2    0.02                           P1[34] (net)
                  0.18    0.00    1.61 ^ _5806_/A (sky130_fd_sc_hd__dlymetal6s2s_1)
                  0.21    0.26    1.87 ^ _5806_/X (sky130_fd_sc_hd__dlymetal6s2s_1)
     5    0.02                           _0522_ (net)
                  0.21    0.00    1.87 ^ _5852_/A (sky130_fd_sc_hd__buf_2)
                  0.16    0.25    2.12 ^ _5852_/X (sky130_fd_sc_hd__buf_2)
     5    0.03                           _0568_ (net)
                  0.16    0.00    2.12 ^ _5853_/A2 (sky130_fd_sc_hd__a22oi_2)
                  0.07    0.12    2.24 v _5853_/Y (sky130_fd_sc_hd__a22oi_2)
     3    0.01                           _0569_ (net)
                  0.07    0.00    2.24 v _5854_/C (sky130_fd_sc_hd__or3_1)
                  0.08    0.34    2.59 v _5854_/X (sky130_fd_sc_hd__or3_1)
     2    0.01                           _0570_ (net)
                  0.08    0.00    2.59 v _5859_/A1 (sky130_fd_sc_hd__a21o_1)
                  0.05    0.19    2.78 v _5859_/X (sky130_fd_sc_hd__a21o_1)
     2    0.01                           _0575_ (net)
                  0.05    0.00    2.78 v _5860_/B (sky130_fd_sc_hd__and2b_1)
                  0.06    0.19    2.97 v _5860_/X (sky130_fd_sc_hd__and2b_1)
     1    0.01                           _0576_ (net)
                  0.06    0.00    2.97 v _5861_/B (sky130_fd_sc_hd__xor2_2)
                  0.09    0.18    3.14 v _5861_/X (sky130_fd_sc_hd__xor2_2)
     2    0.01                           _0577_ (net)
                  0.09    0.00    3.14 v _5863_/A (sky130_fd_sc_hd__or3_1)
                  0.08    0.41    3.56 v _5863_/X (sky130_fd_sc_hd__or3_1)
     2    0.00                           _0579_ (net)
                  0.08    0.00    3.56 v _5898_/B (sky130_fd_sc_hd__and3b_1)
                  0.07    0.22    3.78 v _5898_/X (sky130_fd_sc_hd__and3b_1)
     2    0.01                           _0614_ (net)
                  0.07    0.00    3.78 v _5931_/A2 (sky130_fd_sc_hd__o211ai_4)
                  0.21    0.23    4.01 ^ _5931_/Y (sky130_fd_sc_hd__o211ai_4)
     5    0.02                           _0647_ (net)
                  0.21    0.00    4.01 ^ _5934_/C_N (sky130_fd_sc_hd__or4bb_2)
                  0.13    0.73    4.74 v _5934_/X (sky130_fd_sc_hd__or4bb_2)
     5    0.01                           _0650_ (net)
                  0.13    0.00    4.74 v _6047_/A (sky130_fd_sc_hd__or4_1)
                  0.09    0.59    5.32 v _6047_/X (sky130_fd_sc_hd__or4_1)
     2    0.00                           _0761_ (net)
                  0.09    0.00    5.32 v _6048_/A (sky130_fd_sc_hd__dlymetal6s2s_1)
                  0.09    0.21    5.54 v _6048_/X (sky130_fd_sc_hd__dlymetal6s2s_1)
     5    0.01                           _0762_ (net)
                  0.09    0.00    5.54 v _6049_/D (sky130_fd_sc_hd__and4bb_1)
                  0.06    0.24    5.78 v _6049_/X (sky130_fd_sc_hd__and4bb_1)
     2    0.01                           _0763_ (net)
                  0.06    0.00    5.78 v _6129_/D1 (sky130_fd_sc_hd__a2111o_1)
                  0.07    0.32    6.10 v _6129_/X (sky130_fd_sc_hd__a2111o_1)
     2    0.01                           _0841_ (net)
                  0.07    0.00    6.10 v _6217_/A1 (sky130_fd_sc_hd__a21o_1)
                  0.08    0.22    6.32 v _6217_/X (sky130_fd_sc_hd__a21o_1)
     4    0.01                           _0929_ (net)
                  0.08    0.00    6.32 v _6384_/A2 (sky130_fd_sc_hd__a311oi_2)
                  0.25    0.31    6.62 ^ _6384_/Y (sky130_fd_sc_hd__a311oi_2)
     2    0.01                           _1108_ (net)
                  0.25    0.00    6.62 ^ _6477_/A1 (sky130_fd_sc_hd__o21ai_1)
                  0.10    0.16    6.78 v _6477_/Y (sky130_fd_sc_hd__o21ai_1)
     3    0.01                           _1210_ (net)
                  0.10    0.00    6.78 v _6559_/A1 (sky130_fd_sc_hd__a21oi_1)
                  0.22    0.23    7.01 ^ _6559_/Y (sky130_fd_sc_hd__a21oi_1)
     3    0.01                           _1299_ (net)
                  0.22    0.00    7.01 ^ _6650_/A1 (sky130_fd_sc_hd__o21ai_1)
                  0.11    0.16    7.17 v _6650_/Y (sky130_fd_sc_hd__o21ai_1)
     3    0.01                           _1398_ (net)
                  0.11    0.00    7.17 v _7067_/A2 (sky130_fd_sc_hd__a211o_1)
                  0.08    0.37    7.54 v _7067_/X (sky130_fd_sc_hd__a211o_1)
     2    0.01                           _1852_ (net)
                  0.08    0.00    7.54 v _7554_/A1 (sky130_fd_sc_hd__a311o_2)
                  0.09    0.40    7.94 v _7554_/X (sky130_fd_sc_hd__a311o_2)
     2    0.02                           _2384_ (net)
                  0.09    0.00    7.94 v _7676_/A2 (sky130_fd_sc_hd__a21oi_4)
                  0.25    0.29    8.23 ^ _7676_/Y (sky130_fd_sc_hd__a21oi_4)
     4    0.03                           _2518_ (net)
                  0.25    0.00    8.23 ^ _8023_/A2 (sky130_fd_sc_hd__o311ai_4)
                  0.12    0.17    8.39 v _8023_/Y (sky130_fd_sc_hd__o311ai_4)
     3    0.02                           _2895_ (net)
                  0.12    0.00    8.39 v _8127_/A2 (sky130_fd_sc_hd__a311oi_4)
                  0.36    0.42    8.82 ^ _8127_/Y (sky130_fd_sc_hd__a311oi_4)
     4    0.02                           _3009_ (net)
                  0.36    0.00    8.82 ^ _8428_/A2 (sky130_fd_sc_hd__o311ai_4)
                  0.10    0.15    8.97 v _8428_/Y (sky130_fd_sc_hd__o311ai_4)
     3    0.01                           _3336_ (net)
                  0.10    0.00    8.97 v _8650_/A1 (sky130_fd_sc_hd__a2111o_1)
                  0.11    0.46    9.43 v _8650_/X (sky130_fd_sc_hd__a2111o_1)
     3    0.01                           _3577_ (net)
                  0.11    0.00    9.43 v _8774_/A1 (sky130_fd_sc_hd__a22oi_4)
                  0.23    0.28    9.71 ^ _8774_/Y (sky130_fd_sc_hd__a22oi_4)
     4    0.02                           _3712_ (net)
                  0.23    0.00    9.71 ^ _8971_/A1 (sky130_fd_sc_hd__a31oi_4)
                  0.11    0.15    9.86 v _8971_/Y (sky130_fd_sc_hd__a31oi_4)
     3    0.01                           _3924_ (net)
                  0.11    0.00    9.86 v _9021_/A2 (sky130_fd_sc_hd__o41a_1)
                  0.11    0.51   10.36 v _9021_/X (sky130_fd_sc_hd__o41a_1)
     3    0.01                           _3976_ (net)
                  0.11    0.00   10.36 v _9022_/B (sky130_fd_sc_hd__xor2_1)
                  0.07    0.18   10.54 v _9022_/X (sky130_fd_sc_hd__xor2_1)
     1    0.00                           _0072_ (net)
                  0.07    0.00   10.54 v _9109_/D (sky130_fd_sc_hd__dfxtp_1)
                                 10.54   data arrival time

                         11.00   11.00   clock clk (rise edge)
                          0.00   11.00   clock source latency
                  0.21    0.14   11.14 ^ clk (in)
     1    0.05                           clk (net)
                  0.21    0.00   11.14 ^ clkbuf_0_clk/A (sky130_fd_sc_hd__clkbuf_16)
                  0.04    0.17   11.31 ^ clkbuf_0_clk/X (sky130_fd_sc_hd__clkbuf_16)
     2    0.02                           clknet_0_clk (net)
                  0.04    0.00   11.31 ^ clkbuf_1_0_0_clk/A (sky130_fd_sc_hd__clkbuf_2)
                  0.12    0.15   11.46 ^ clkbuf_1_0_0_clk/X (sky130_fd_sc_hd__clkbuf_2)
     2    0.02                           clknet_1_0_0_clk (net)
                  0.12    0.00   11.46 ^ clkbuf_2_0_0_clk/A (sky130_fd_sc_hd__clkbuf_2)
                  0.10    0.16   11.63 ^ clkbuf_2_0_0_clk/X (sky130_fd_sc_hd__clkbuf_2)
     2    0.02                           clknet_2_0_0_clk (net)
                  0.10    0.00   11.63 ^ clkbuf_3_0_0_clk/A (sky130_fd_sc_hd__clkbuf_2)
                  0.07    0.14   11.77 ^ clkbuf_3_0_0_clk/X (sky130_fd_sc_hd__clkbuf_2)
     2    0.01                           clknet_3_0_0_clk (net)
                  0.07    0.00   11.77 ^ clkbuf_4_1_0_clk/A (sky130_fd_sc_hd__clkbuf_2)
                  0.26    0.25   12.02 ^ clkbuf_4_1_0_clk/X (sky130_fd_sc_hd__clkbuf_2)
    15    0.05                           clknet_4_1_0_clk (net)
                  0.26    0.00   12.02 ^ _9109_/CLK (sky130_fd_sc_hd__dfxtp_1)
                         -0.25   11.77   clock uncertainty
                          0.03   11.80   clock reconvergence pessimism
                         -0.07   11.73   library setup time
                                 11.73   data required time
-----------------------------------------------------------------------------
                                 11.73   data required time
                                -10.54   data arrival time
-----------------------------------------------------------------------------
                                  1.19   slack (MET)


Startpoint: _9195_ (rising edge-triggered flip-flop clocked by clk)
Endpoint: _9105_ (rising edge-triggered flip-flop clocked by clk)
Path Group: clk
Path Type: max

Fanout     Cap    Slew   Delay    Time   Description
-----------------------------------------------------------------------------
                          0.00    0.00   clock clk (rise edge)
                          0.00    0.00   clock source latency
                  0.21    0.16    0.16 ^ clk (in)
     1    0.05                           clk (net)
                  0.21    0.00    0.16 ^ clkbuf_0_clk/A (sky130_fd_sc_hd__clkbuf_16)
                  0.04    0.19    0.35 ^ clkbuf_0_clk/X (sky130_fd_sc_hd__clkbuf_16)
     2    0.02                           clknet_0_clk (net)
                  0.04    0.00    0.35 ^ clkbuf_1_1_0_clk/A (sky130_fd_sc_hd__clkbuf_2)
                  0.11    0.16    0.50 ^ clkbuf_1_1_0_clk/X (sky130_fd_sc_hd__clkbuf_2)
     2    0.02                           clknet_1_1_0_clk (net)
                  0.11    0.00    0.51 ^ clkbuf_2_2_0_clk/A (sky130_fd_sc_hd__clkbuf_2)
                  0.11    0.18    0.69 ^ clkbuf_2_2_0_clk/X (sky130_fd_sc_hd__clkbuf_2)
     2    0.02                           clknet_2_2_0_clk (net)
                  0.11    0.00    0.69 ^ clkbuf_3_5_0_clk/A (sky130_fd_sc_hd__clkbuf_2)
                  0.07    0.16    0.85 ^ clkbuf_3_5_0_clk/X (sky130_fd_sc_hd__clkbuf_2)
     2    0.01                           clknet_3_5_0_clk (net)
                  0.07    0.00    0.85 ^ clkbuf_4_10_0_clk/A (sky130_fd_sc_hd__clkbuf_2)
                  0.25    0.27    1.12 ^ clkbuf_4_10_0_clk/X (sky130_fd_sc_hd__clkbuf_2)
    13    0.05                           clknet_4_10_0_clk (net)
                  0.25    0.00    1.12 ^ _9195_/CLK (sky130_fd_sc_hd__dfxtp_1)
                  0.18    0.49    1.61 ^ _9195_/Q (sky130_fd_sc_hd__dfxtp_1)
     2    0.02                           P1[34] (net)
                  0.18    0.00    1.61 ^ _5806_/A (sky130_fd_sc_hd__dlymetal6s2s_1)
                  0.21    0.26    1.87 ^ _5806_/X (sky130_fd_sc_hd__dlymetal6s2s_1)
     5    0.02                           _0522_ (net)
                  0.21    0.00    1.87 ^ _5852_/A (sky130_fd_sc_hd__buf_2)
                  0.16    0.25    2.12 ^ _5852_/X (sky130_fd_sc_hd__buf_2)
     5    0.03                           _0568_ (net)
                  0.16    0.00    2.12 ^ _5853_/A2 (sky130_fd_sc_hd__a22oi_2)
                  0.07    0.12    2.24 v _5853_/Y (sky130_fd_sc_hd__a22oi_2)
     3    0.01                           _0569_ (net)
                  0.07    0.00    2.24 v _5854_/C (sky130_fd_sc_hd__or3_1)
                  0.08    0.34    2.59 v _5854_/X (sky130_fd_sc_hd__or3_1)
     2    0.01                           _0570_ (net)
                  0.08    0.00    2.59 v _5859_/A1 (sky130_fd_sc_hd__a21o_1)
                  0.05    0.19    2.78 v _5859_/X (sky130_fd_sc_hd__a21o_1)
     2    0.01                           _0575_ (net)
                  0.05    0.00    2.78 v _5860_/B (sky130_fd_sc_hd__and2b_1)
                  0.06    0.19    2.97 v _5860_/X (sky130_fd_sc_hd__and2b_1)
     1    0.01                           _0576_ (net)
                  0.06    0.00    2.97 v _5861_/B (sky130_fd_sc_hd__xor2_2)
                  0.09    0.18    3.14 v _5861_/X (sky130_fd_sc_hd__xor2_2)
     2    0.01                           _0577_ (net)
                  0.09    0.00    3.14 v _5863_/A (sky130_fd_sc_hd__or3_1)
                  0.08    0.41    3.56 v _5863_/X (sky130_fd_sc_hd__or3_1)
     2    0.00                           _0579_ (net)
                  0.08    0.00    3.56 v _5898_/B (sky130_fd_sc_hd__and3b_1)
                  0.07    0.22    3.78 v _5898_/X (sky130_fd_sc_hd__and3b_1)
     2    0.01                           _0614_ (net)
                  0.07    0.00    3.78 v _5931_/A2 (sky130_fd_sc_hd__o211ai_4)
                  0.21    0.23    4.01 ^ _5931_/Y (sky130_fd_sc_hd__o211ai_4)
     5    0.02                           _0647_ (net)
                  0.21    0.00    4.01 ^ _5934_/C_N (sky130_fd_sc_hd__or4bb_2)
                  0.13    0.73    4.74 v _5934_/X (sky130_fd_sc_hd__or4bb_2)
     5    0.01                           _0650_ (net)
                  0.13    0.00    4.74 v _6047_/A (sky130_fd_sc_hd__or4_1)
                  0.09    0.59    5.32 v _6047_/X (sky130_fd_sc_hd__or4_1)
     2    0.00                           _0761_ (net)
                  0.09    0.00    5.32 v _6048_/A (sky130_fd_sc_hd__dlymetal6s2s_1)
                  0.09    0.21    5.54 v _6048_/X (sky130_fd_sc_hd__dlymetal6s2s_1)
     5    0.01                           _0762_ (net)
                  0.09    0.00    5.54 v _6049_/D (sky130_fd_sc_hd__and4bb_1)
                  0.06    0.24    5.78 v _6049_/X (sky130_fd_sc_hd__and4bb_1)
     2    0.01                           _0763_ (net)
                  0.06    0.00    5.78 v _6129_/D1 (sky130_fd_sc_hd__a2111o_1)
                  0.07    0.32    6.10 v _6129_/X (sky130_fd_sc_hd__a2111o_1)
     2    0.01                           _0841_ (net)
                  0.07    0.00    6.10 v _6217_/A1 (sky130_fd_sc_hd__a21o_1)
                  0.08    0.22    6.32 v _6217_/X (sky130_fd_sc_hd__a21o_1)
     4    0.01                           _0929_ (net)
                  0.08    0.00    6.32 v _6384_/A2 (sky130_fd_sc_hd__a311oi_2)
                  0.25    0.31    6.62 ^ _6384_/Y (sky130_fd_sc_hd__a311oi_2)
     2    0.01                           _1108_ (net)
                  0.25    0.00    6.62 ^ _6477_/A1 (sky130_fd_sc_hd__o21ai_1)
                  0.10    0.16    6.78 v _6477_/Y (sky130_fd_sc_hd__o21ai_1)
     3    0.01                           _1210_ (net)
                  0.10    0.00    6.78 v _6559_/A1 (sky130_fd_sc_hd__a21oi_1)
                  0.22    0.23    7.01 ^ _6559_/Y (sky130_fd_sc_hd__a21oi_1)
     3    0.01                           _1299_ (net)
                  0.22    0.00    7.01 ^ _6650_/A1 (sky130_fd_sc_hd__o21ai_1)
                  0.11    0.16    7.17 v _6650_/Y (sky130_fd_sc_hd__o21ai_1)
     3    0.01                           _1398_ (net)
                  0.11    0.00    7.17 v _7067_/A2 (sky130_fd_sc_hd__a211o_1)
                  0.08    0.37    7.54 v _7067_/X (sky130_fd_sc_hd__a211o_1)
     2    0.01                           _1852_ (net)
                  0.08    0.00    7.54 v _7554_/A1 (sky130_fd_sc_hd__a311o_2)
                  0.09    0.40    7.94 v _7554_/X (sky130_fd_sc_hd__a311o_2)
     2    0.02                           _2384_ (net)
                  0.09    0.00    7.94 v _7676_/A2 (sky130_fd_sc_hd__a21oi_4)
                  0.25    0.29    8.23 ^ _7676_/Y (sky130_fd_sc_hd__a21oi_4)
     4    0.03                           _2518_ (net)
                  0.25    0.00    8.23 ^ _8023_/A2 (sky130_fd_sc_hd__o311ai_4)
                  0.12    0.17    8.39 v _8023_/Y (sky130_fd_sc_hd__o311ai_4)
     3    0.02                           _2895_ (net)
                  0.12    0.00    8.39 v _8127_/A2 (sky130_fd_sc_hd__a311oi_4)
                  0.36    0.42    8.82 ^ _8127_/Y (sky130_fd_sc_hd__a311oi_4)
     4    0.02                           _3009_ (net)
                  0.36    0.00    8.82 ^ _8428_/A2 (sky130_fd_sc_hd__o311ai_4)
                  0.10    0.15    8.97 v _8428_/Y (sky130_fd_sc_hd__o311ai_4)
     3    0.01                           _3336_ (net)
                  0.10    0.00    8.97 v _8650_/A1 (sky130_fd_sc_hd__a2111o_1)
                  0.11    0.46    9.43 v _8650_/X (sky130_fd_sc_hd__a2111o_1)
     3    0.01                           _3577_ (net)
                  0.11    0.00    9.43 v _8774_/A1 (sky130_fd_sc_hd__a22oi_4)
                  0.23    0.28    9.71 ^ _8774_/Y (sky130_fd_sc_hd__a22oi_4)
     4    0.02                           _3712_ (net)
                  0.23    0.00    9.71 ^ _8882_/A1 (sky130_fd_sc_hd__a21o_1)
                  0.06    0.17    9.88 ^ _8882_/X (sky130_fd_sc_hd__a21o_1)
     2    0.01                           _3828_ (net)
                  0.06    0.00    9.88 ^ _8884_/B (sky130_fd_sc_hd__nand2_1)
                  0.05    0.07    9.94 v _8884_/Y (sky130_fd_sc_hd__nand2_1)
     2    0.00                           _3831_ (net)
                  0.05    0.00    9.94 v _8885_/B (sky130_fd_sc_hd__and2_1)
                  0.03    0.16   10.10 v _8885_/X (sky130_fd_sc_hd__and2_1)
     1    0.00                           _3832_ (net)
                  0.03    0.00   10.10 v _8886_/A (sky130_fd_sc_hd__clkbuf_1)
                  0.03    0.09   10.19 v _8886_/X (sky130_fd_sc_hd__clkbuf_1)
     1    0.00                           _0068_ (net)
                  0.03    0.00   10.19 v _9105_/D (sky130_fd_sc_hd__dfxtp_2)
                                 10.19   data arrival time

                         11.00   11.00   clock clk (rise edge)
                          0.00   11.00   clock source latency
                  0.21    0.14   11.14 ^ clk (in)
     1    0.05                           clk (net)
                  0.21    0.00   11.14 ^ clkbuf_0_clk/A (sky130_fd_sc_hd__clkbuf_16)
                  0.04    0.17   11.31 ^ clkbuf_0_clk/X (sky130_fd_sc_hd__clkbuf_16)
     2    0.02                           clknet_0_clk (net)
                  0.04    0.00   11.31 ^ clkbuf_1_0_0_clk/A (sky130_fd_sc_hd__clkbuf_2)
                  0.12    0.15   11.46 ^ clkbuf_1_0_0_clk/X (sky130_fd_sc_hd__clkbuf_2)
     2    0.02                           clknet_1_0_0_clk (net)
                  0.12    0.00   11.46 ^ clkbuf_2_1_0_clk/A (sky130_fd_sc_hd__clkbuf_2)
                  0.10    0.16   11.62 ^ clkbuf_2_1_0_clk/X (sky130_fd_sc_hd__clkbuf_2)
     2    0.02                           clknet_2_1_0_clk (net)
                  0.10    0.00   11.62 ^ clkbuf_3_3_0_clk/A (sky130_fd_sc_hd__clkbuf_2)
                  0.07    0.14   11.76 ^ clkbuf_3_3_0_clk/X (sky130_fd_sc_hd__clkbuf_2)
     2    0.01                           clknet_3_3_0_clk (net)
                  0.07    0.00   11.76 ^ clkbuf_4_6_0_clk/A (sky130_fd_sc_hd__clkbuf_2)
                  0.17    0.19   11.95 ^ clkbuf_4_6_0_clk/X (sky130_fd_sc_hd__clkbuf_2)
     4    0.03                           clknet_4_6_0_clk (net)
                  0.17    0.00   11.95 ^ _9105_/CLK (sky130_fd_sc_hd__dfxtp_2)
                         -0.25   11.70   clock uncertainty
                          0.03   11.74   clock reconvergence pessimism
                         -0.08   11.66   library setup time
                                 11.66   data required time
-----------------------------------------------------------------------------
                                 11.66   data required time
                                -10.19   data arrival time
-----------------------------------------------------------------------------
                                  1.47   slack (MET)


